=== Weather Ingestion Cron Run Start: Tue 16 Jun 17:00:01 UTC 2026 ===
2026-06-16 17:00:02,187 - src.data.boundary_fetcher - INFO - Configuration loaded successfully from conf/config.yaml
2026-06-16 17:00:02,188 - __main__ - INFO - Removing stale lock file.
2026-06-16 17:00:02,211 - __main__ - INFO - Saved structural mapping index for 1093 clusters to data/processed/weather/mapping_index.json
2026-06-16 17:00:02,211 - __main__ - INFO - Identified 430 unique grid nodes across Brandenburg.
2026-06-16 17:00:02,211 - __main__ - INFO - Loaded existing ingestion state with 80 completed grid nodes.
2026-06-16 17:00:02,211 - __main__ - INFO - Ingestion resume state: 80/430 completed. 350 remaining.
2026-06-16 17:00:02,211 - __main__ - INFO - Using public Open-Meteo Archive API endpoint: https://archive-api.open-meteo.com/v1/archive
2026-06-16 17:00:02,211 - __main__ - INFO - Fetching batch 1/70 with 5 locations (lat: 51.9,51.9,51.9,51.9,51.9...)
2026-06-16 17:00:27,564 - __main__ - INFO - Successfully processed batch 1/70.
2026-06-16 17:00:29,565 - __main__ - INFO - Fetching batch 2/70 with 5 locations (lat: 51.9,51.9,51.9,51.9,51.9...)
2026-06-16 17:00:29,827 - __main__ - WARNING - API returned 429 Rate Limit error on batch 2/70, attempt 1/5. Sleeping for 15.0 seconds before retrying...
2026-06-16 17:00:45,188 - __main__ - WARNING - API returned 429 Rate Limit error on batch 2/70, attempt 2/5. Sleeping for 30.0 seconds before retrying...
2026-06-16 17:01:52,428 - __main__ - INFO - Successfully processed batch 2/70.
2026-06-16 17:01:54,428 - __main__ - INFO - Fetching batch 3/70 with 5 locations (lat: 52.0,52.0,52.0,52.0,52.0...)
2026-06-16 17:01:54,509 - __main__ - WARNING - API returned 429 Rate Limit error on batch 3/70, attempt 1/5. Sleeping for 15.0 seconds before retrying...
2026-06-16 17:02:37,746 - __main__ - INFO - Successfully processed batch 3/70.
2026-06-16 17:02:39,746 - __main__ - INFO - Fetching batch 4/70 with 5 locations (lat: 52.0,52.0,52.0,52.0,52.0...)
2026-06-16 17:02:39,826 - __main__ - WARNING - API returned 429 Rate Limit error on batch 4/70, attempt 1/5. Sleeping for 15.0 seconds before retrying...
2026-06-16 17:02:54,906 - __main__ - WARNING - API returned 429 Rate Limit error on batch 4/70, attempt 2/5. Sleeping for 30.0 seconds before retrying...
2026-06-16 17:03:44,965 - __main__ - INFO - Successfully processed batch 4/70.
2026-06-16 17:03:46,965 - __main__ - INFO - Fetching batch 5/70 with 5 locations (lat: 52.0,52.0,52.0,52.0,52.0...)
2026-06-16 17:03:47,042 - __main__ - WARNING - API returned 429 Rate Limit error on batch 5/70, attempt 1/5. Sleeping for 15.0 seconds before retrying...
2026-06-16 17:04:15,532 - __main__ - INFO - Successfully processed batch 5/70.
2026-06-16 17:04:17,532 - __main__ - INFO - Fetching batch 6/70 with 5 locations (lat: 52.0,52.0,52.0,52.0,52.0...)
2026-06-16 17:04:17,612 - __main__ - WARNING - API returned 429 Rate Limit error on batch 6/70, attempt 1/5. Sleeping for 15.0 seconds before retrying...
2026-06-16 17:04:32,683 - __main__ - WARNING - API returned 429 Rate Limit error on batch 6/70, attempt 2/5. Sleeping for 30.0 seconds before retrying...
2026-06-16 17:05:28,174 - __main__ - INFO - Successfully processed batch 6/70.
2026-06-16 17:05:30,174 - __main__ - INFO - Fetching batch 7/70 with 5 locations (lat: 52.0,52.1,52.1,52.1,52.1...)
2026-06-16 17:05:30,247 - __main__ - WARNING - API returned 429 Rate Limit error on batch 7/70, attempt 1/5. Sleeping for 15.0 seconds before retrying...
2026-06-16 17:05:45,321 - __main__ - WARNING - API returned 429 Rate Limit error on batch 7/70, attempt 2/5. Sleeping for 30.0 seconds before retrying...
2026-06-16 17:06:33,905 - __main__ - INFO - Successfully processed batch 7/70.
2026-06-16 17:06:35,905 - __main__ - INFO - Fetching batch 8/70 with 5 locations (lat: 52.1,52.1,52.1,52.1,52.1...)
2026-06-16 17:06:35,992 - __main__ - WARNING - API returned 429 Rate Limit error on batch 8/70, attempt 1/5. Sleeping for 15.0 seconds before retrying...
2026-06-16 17:06:51,083 - __main__ - WARNING - API returned 429 Rate Limit error on batch 8/70, attempt 2/5. Sleeping for 30.0 seconds before retrying...
2026-06-16 17:07:21,184 - __main__ - WARNING - API returned 429 Rate Limit error on batch 8/70, attempt 3/5. Sleeping for 60.0 seconds before retrying...
2026-06-16 17:08:21,398 - __main__ - WARNING - API returned 429 Rate Limit error on batch 8/70, attempt 4/5. Sleeping for 120.0 seconds before retrying...
2026-06-16 17:10:21,484 - __main__ - WARNING - API returned 429 Rate Limit error on batch 8/70, attempt 5/5. Sleeping for 240.0 seconds before retrying...
2026-06-16 17:14:21,484 - __main__ - ERROR - Failed to fetch batch 8/70 after 5 attempts.
2026-06-16 17:14:21,484 - __main__ - INFO - ================================================================================
2026-06-16 17:14:21,484 - __main__ - INFO - WEATHER INGESTION PAUSED GRACEFULLY
2026-06-16 17:14:21,484 - __main__ - INFO - The execution stopped at batch index: 7
2026-06-16 17:14:21,484 - __main__ - INFO - To resume the ingestion pipeline:
2026-06-16 17:14:21,484 - __main__ - INFO - 1. Wait for rate limits to clear or wait for the next day if the daily limit was hit.
2026-06-16 17:14:21,484 - __main__ - INFO - 2. Simply re-run the main pipeline or weather ingestion script.
2026-06-16 17:14:21,484 - __main__ - INFO -    It will automatically read '.ingestion_state.json' and resume from the pending grid nodes.
2026-06-16 17:14:21,484 - __main__ - INFO - ================================================================================
=== Weather Ingestion Cron Run End: Tue 16 Jun 17:14:21 UTC 2026 ===
=== Weather Ingestion Cron Run Start: Tue 16 Jun 18:00:01 UTC 2026 ===
2026-06-16 18:00:01,679 - src.data.boundary_fetcher - INFO - Configuration loaded successfully from conf/config.yaml
2026-06-16 18:00:01,706 - __main__ - INFO - Saved structural mapping index for 1093 clusters to data/processed/weather/mapping_index.json
2026-06-16 18:00:01,706 - __main__ - INFO - Identified 430 unique grid nodes across Brandenburg.
2026-06-16 18:00:01,706 - __main__ - INFO - Loaded existing ingestion state with 115 completed grid nodes.
2026-06-16 18:00:01,706 - __main__ - INFO - Ingestion resume state: 115/430 completed. 315 remaining.
2026-06-16 18:00:01,706 - __main__ - INFO - Using public Open-Meteo Archive API endpoint: https://archive-api.open-meteo.com/v1/archive
2026-06-16 18:00:01,706 - __main__ - INFO - Fetching batch 1/63 with 5 locations (lat: 52.1,52.1,52.1,52.1,52.1...)
2026-06-16 18:00:09,911 - __main__ - WARNING - Network error on batch 1/63, attempt 1/5 (HTTP status: 502): 502 Server Error: Bad Gateway for url: https://archive-api.open-meteo.com/v1/archive?latitude=52.1%2C52.1%2C52.1%2C52.1%2C52.1&longitude=12.7%2C12.8%2C12.9%2C13.0%2C13.1&start_date=2022-01-01&end_date=2026-06-01&hourly=temperature_2m%2Crelative_humidity_2m%2Csurface_pressure%2Ccloud_cover%2Cwind_speed_10m%2Cwind_speed_100m%2Cwind_direction_10m%2Cwind_direction_100m%2Cshortwave_radiation%2Cdirect_radiation%2Cdiffuse_radiation%2Cdirect_normal_irradiance&timezone=UTC.
2026-06-16 18:00:09,911 - __main__ - WARNING - Sleeping for 5.0 seconds before retrying...
2026-06-16 18:00:30,574 - __main__ - INFO - Successfully processed batch 1/63.
2026-06-16 18:00:32,574 - __main__ - INFO - Fetching batch 2/63 with 5 locations (lat: 52.1,52.1,52.1,52.1,52.1...)
2026-06-16 18:00:32,650 - __main__ - WARNING - API returned 429 Rate Limit error on batch 2/63, attempt 1/5. Sleeping for 15.0 seconds before retrying...
2026-06-16 18:00:47,724 - __main__ - WARNING - API returned 429 Rate Limit error on batch 2/63, attempt 2/5. Sleeping for 30.0 seconds before retrying...
2026-06-16 18:01:33,574 - __main__ - INFO - Successfully processed batch 2/63.
2026-06-16 18:01:35,574 - __main__ - INFO - Fetching batch 3/63 with 5 locations (lat: 52.1,52.1,52.1,52.1,52.1...)
2026-06-16 18:01:35,662 - __main__ - WARNING - API returned 429 Rate Limit error on batch 3/63, attempt 1/5. Sleeping for 15.0 seconds before retrying...
2026-06-16 18:01:50,741 - __main__ - WARNING - API returned 429 Rate Limit error on batch 3/63, attempt 2/5. Sleeping for 30.0 seconds before retrying...
2026-06-16 18:02:39,941 - __main__ - INFO - Successfully processed batch 3/63.
2026-06-16 18:02:41,941 - __main__ - INFO - Fetching batch 4/63 with 5 locations (lat: 52.1,52.1,52.1,52.1,52.1...)
2026-06-16 18:02:42,027 - __main__ - WARNING - API returned 429 Rate Limit error on batch 4/63, attempt 1/5. Sleeping for 15.0 seconds before retrying...
2026-06-16 18:02:57,106 - __main__ - WARNING - API returned 429 Rate Limit error on batch 4/63, attempt 2/5. Sleeping for 30.0 seconds before retrying...
2026-06-16 18:03:47,147 - __main__ - INFO - Successfully processed batch 4/63.
2026-06-16 18:03:49,147 - __main__ - INFO - Fetching batch 5/63 with 5 locations (lat: 52.1,52.2,52.2,52.2,52.2...)
2026-06-16 18:03:49,216 - __main__ - WARNING - API returned 429 Rate Limit error on batch 5/63, attempt 1/5. Sleeping for 15.0 seconds before retrying...
2026-06-16 18:04:27,291 - __main__ - INFO - Successfully processed batch 5/63.
2026-06-16 18:04:29,292 - __main__ - INFO - Fetching batch 6/63 with 5 locations (lat: 52.2,52.2,52.2,52.2,52.2...)
2026-06-16 18:04:29,359 - __main__ - WARNING - API returned 429 Rate Limit error on batch 6/63, attempt 1/5. Sleeping for 15.0 seconds before retrying...
2026-06-16 18:04:44,445 - __main__ - WARNING - API returned 429 Rate Limit error on batch 6/63, attempt 2/5. Sleeping for 30.0 seconds before retrying...
2026-06-16 18:05:31,687 - __main__ - INFO - Successfully processed batch 6/63.
2026-06-16 18:05:33,688 - __main__ - INFO - Fetching batch 7/63 with 5 locations (lat: 52.2,52.2,52.2,52.2,52.2...)
2026-06-16 18:05:33,769 - __main__ - WARNING - API returned 429 Rate Limit error on batch 7/63, attempt 1/5. Sleeping for 15.0 seconds before retrying...
2026-06-16 18:05:48,851 - __main__ - WARNING - API returned 429 Rate Limit error on batch 7/63, attempt 2/5. Sleeping for 30.0 seconds before retrying...
2026-06-16 18:06:32,791 - __main__ - INFO - Successfully processed batch 7/63.
2026-06-16 18:06:34,791 - __main__ - INFO - Fetching batch 8/63 with 5 locations (lat: 52.2,52.2,52.2,52.2,52.2...)
2026-06-16 18:06:34,872 - __main__ - WARNING - API returned 429 Rate Limit error on batch 8/63, attempt 1/5. Sleeping for 15.0 seconds before retrying...
2026-06-16 18:06:49,953 - __main__ - WARNING - API returned 429 Rate Limit error on batch 8/63, attempt 2/5. Sleeping for 30.0 seconds before retrying...
2026-06-16 18:07:41,092 - __main__ - INFO - Successfully processed batch 8/63.
2026-06-16 18:07:43,092 - __main__ - INFO - Fetching batch 9/63 with 5 locations (lat: 52.2,52.2,52.2,52.2,52.2...)
2026-06-16 18:07:43,392 - __main__ - WARNING - API returned 429 Rate Limit error on batch 9/63, attempt 1/5. Sleeping for 15.0 seconds before retrying...
2026-06-16 18:07:58,756 - __main__ - WARNING - API returned 429 Rate Limit error on batch 9/63, attempt 2/5. Sleeping for 30.0 seconds before retrying...
2026-06-16 18:08:28,856 - __main__ - WARNING - Hourly API request limit exceeded on batch 9/63. Sleeping for 3151.1 seconds (until 2026-06-16T19:01:00+00:00) before retrying...
=== Weather Ingestion Cron Run Start: Tue 16 Jun 19:00:01 UTC 2026 ===
2026-06-16 19:00:01,569 - src.data.boundary_fetcher - INFO - Configuration loaded successfully from conf/config.yaml
2026-06-16 19:00:01,569 - __main__ - INFO - Another ingestion process (PID 424607) is already running. Exiting.
=== Weather Ingestion Cron Run End: Tue 16 Jun 19:00:01 UTC 2026 ===
2026-06-16 19:01:12,874 - __main__ - INFO - Successfully processed batch 9/63.
2026-06-16 19:01:14,874 - __main__ - INFO - Fetching batch 10/63 with 5 locations (lat: 52.2,52.3,52.3,52.3,52.3...)
2026-06-16 19:01:15,107 - __main__ - WARNING - API returned 429 Rate Limit error on batch 10/63, attempt 1/5. Sleeping for 15.0 seconds before retrying...
2026-06-16 19:01:30,202 - __main__ - WARNING - API returned 429 Rate Limit error on batch 10/63, attempt 2/5. Sleeping for 30.0 seconds before retrying...
2026-06-16 19:02:10,776 - __main__ - INFO - Successfully processed batch 10/63.
2026-06-16 19:02:12,776 - __main__ - INFO - Fetching batch 11/63 with 5 locations (lat: 52.3,52.3,52.3,52.3,52.3...)
2026-06-16 19:02:12,858 - __main__ - WARNING - API returned 429 Rate Limit error on batch 11/63, attempt 1/5. Sleeping for 15.0 seconds before retrying...
2026-06-16 19:02:27,934 - __main__ - WARNING - API returned 429 Rate Limit error on batch 11/63, attempt 2/5. Sleeping for 30.0 seconds before retrying...
2026-06-16 19:02:58,010 - __main__ - WARNING - API returned 429 Rate Limit error on batch 11/63, attempt 3/5. Sleeping for 60.0 seconds before retrying...
2026-06-16 19:04:17,011 - __main__ - INFO - Successfully processed batch 11/63.
2026-06-16 19:04:19,011 - __main__ - INFO - Fetching batch 12/63 with 5 locations (lat: 52.3,52.3,52.3,52.3,52.3...)
2026-06-16 19:04:42,757 - __main__ - INFO - Successfully processed batch 12/63.
2026-06-16 19:04:44,757 - __main__ - INFO - Fetching batch 13/63 with 5 locations (lat: 52.3,52.3,52.3,52.3,52.3...)
2026-06-16 19:04:44,834 - __main__ - WARNING - API returned 429 Rate Limit error on batch 13/63, attempt 1/5. Sleeping for 15.0 seconds before retrying...
2026-06-16 19:04:59,908 - __main__ - WARNING - API returned 429 Rate Limit error on batch 13/63, attempt 2/5. Sleeping for 30.0 seconds before retrying...
2026-06-16 19:05:42,479 - __main__ - INFO - Successfully processed batch 13/63.
2026-06-16 19:05:44,479 - __main__ - INFO - Fetching batch 14/63 with 5 locations (lat: 52.3,52.3,52.3,52.3,52.3...)
2026-06-16 19:05:44,560 - __main__ - WARNING - API returned 429 Rate Limit error on batch 14/63, attempt 1/5. Sleeping for 15.0 seconds before retrying...
2026-06-16 19:05:59,634 - __main__ - WARNING - API returned 429 Rate Limit error on batch 14/63, attempt 2/5. Sleeping for 30.0 seconds before retrying...
2026-06-16 19:06:50,502 - __main__ - INFO - Successfully processed batch 14/63.
2026-06-16 19:06:52,502 - __main__ - INFO - Fetching batch 15/63 with 5 locations (lat: 52.4,52.4,52.4,52.4,52.4...)
2026-06-16 19:06:52,588 - __main__ - WARNING - API returned 429 Rate Limit error on batch 15/63, attempt 1/5. Sleeping for 15.0 seconds before retrying...
2026-06-16 19:07:12,193 - __main__ - INFO - Successfully processed batch 15/63.
2026-06-16 19:07:14,193 - __main__ - INFO - Fetching batch 16/63 with 5 locations (lat: 52.4,52.4,52.4,52.4,52.4...)
2026-06-16 19:07:14,269 - __main__ - WARNING - API returned 429 Rate Limit error on batch 16/63, attempt 1/5. Sleeping for 15.0 seconds before retrying...
2026-06-16 19:07:29,349 - __main__ - WARNING - API returned 429 Rate Limit error on batch 16/63, attempt 2/5. Sleeping for 30.0 seconds before retrying...
2026-06-16 19:07:59,430 - __main__ - WARNING - API returned 429 Rate Limit error on batch 16/63, attempt 3/5. Sleeping for 60.0 seconds before retrying...
2026-06-16 19:08:59,503 - __main__ - WARNING - API returned 429 Rate Limit error on batch 16/63, attempt 4/5. Sleeping for 120.0 seconds before retrying...
2026-06-16 19:10:59,578 - __main__ - WARNING - API returned 429 Rate Limit error on batch 16/63, attempt 5/5. Sleeping for 240.0 seconds before retrying...
2026-06-16 19:14:59,579 - __main__ - ERROR - Failed to fetch batch 16/63 after 5 attempts.
2026-06-16 19:14:59,579 - __main__ - INFO - ================================================================================
2026-06-16 19:14:59,579 - __main__ - INFO - WEATHER INGESTION PAUSED GRACEFULLY
2026-06-16 19:14:59,579 - __main__ - INFO - The execution stopped at batch index: 15
2026-06-16 19:14:59,579 - __main__ - INFO - To resume the ingestion pipeline:
2026-06-16 19:14:59,579 - __main__ - INFO - 1. Wait for rate limits to clear or wait for the next day if the daily limit was hit.
2026-06-16 19:14:59,579 - __main__ - INFO - 2. Simply re-run the main pipeline or weather ingestion script.
2026-06-16 19:14:59,579 - __main__ - INFO -    It will automatically read '.ingestion_state.json' and resume from the pending grid nodes.
2026-06-16 19:14:59,579 - __main__ - INFO - ================================================================================
=== Weather Ingestion Cron Run End: Tue 16 Jun 19:14:59 UTC 2026 ===
=== Weather Ingestion Cron Run Start: Tue 16 Jun 20:00:01 UTC 2026 ===
2026-06-16 20:00:02,235 - src.data.boundary_fetcher - INFO - Configuration loaded successfully from conf/config.yaml
2026-06-16 20:00:02,258 - __main__ - INFO - Saved structural mapping index for 1093 clusters to data/processed/weather/mapping_index.json
2026-06-16 20:00:02,258 - __main__ - INFO - Identified 430 unique grid nodes across Brandenburg.
2026-06-16 20:00:02,258 - __main__ - INFO - Loaded existing ingestion state with 190 completed grid nodes.
2026-06-16 20:00:02,258 - __main__ - INFO - Ingestion resume state: 190/430 completed. 240 remaining.
2026-06-16 20:00:02,258 - __main__ - INFO - Using public Open-Meteo Archive API endpoint: https://archive-api.open-meteo.com/v1/archive
2026-06-16 20:00:02,258 - __main__ - INFO - Fetching batch 1/48 with 5 locations (lat: 52.4,52.4,52.4,52.4,52.4...)
2026-06-16 20:00:02,379 - __main__ - WARNING - API returned 429 Rate Limit error on batch 1/48, attempt 1/5. Sleeping for 15.0 seconds before retrying...
2026-06-16 20:00:17,459 - __main__ - WARNING - API returned 429 Rate Limit error on batch 1/48, attempt 2/5. Sleeping for 30.0 seconds before retrying...
2026-06-16 20:00:47,539 - __main__ - WARNING - API returned 429 Rate Limit error on batch 1/48, attempt 3/5. Sleeping for 60.0 seconds before retrying...
2026-06-16 20:01:47,822 - __main__ - WARNING - API returned 429 Rate Limit error on batch 1/48, attempt 4/5. Sleeping for 120.0 seconds before retrying...
2026-06-16 20:03:48,147 - __main__ - WARNING - API returned 429 Rate Limit error on batch 1/48, attempt 5/5. Sleeping for 240.0 seconds before retrying...
2026-06-16 20:07:48,147 - __main__ - ERROR - Failed to fetch batch 1/48 after 5 attempts.
2026-06-16 20:07:48,147 - __main__ - INFO - ================================================================================
2026-06-16 20:07:48,147 - __main__ - INFO - WEATHER INGESTION PAUSED GRACEFULLY
2026-06-16 20:07:48,147 - __main__ - INFO - The execution stopped at batch index: 0
2026-06-16 20:07:48,147 - __main__ - INFO - To resume the ingestion pipeline:
2026-06-16 20:07:48,147 - __main__ - INFO - 1. Wait for rate limits to clear or wait for the next day if the daily limit was hit.
2026-06-16 20:07:48,147 - __main__ - INFO - 2. Simply re-run the main pipeline or weather ingestion script.
2026-06-16 20:07:48,147 - __main__ - INFO -    It will automatically read '.ingestion_state.json' and resume from the pending grid nodes.
2026-06-16 20:07:48,147 - __main__ - INFO - ================================================================================
=== Weather Ingestion Cron Run End: Tue 16 Jun 20:07:48 UTC 2026 ===
=== Weather Ingestion Cron Run Start: Tue 16 Jun 21:00:01 UTC 2026 ===
2026-06-16 21:00:01,730 - src.data.boundary_fetcher - INFO - Configuration loaded successfully from conf/config.yaml
2026-06-16 21:00:01,730 - __main__ - INFO - Removing stale lock file.
2026-06-16 21:00:01,752 - __main__ - INFO - Saved structural mapping index for 1093 clusters to data/processed/weather/mapping_index.json
2026-06-16 21:00:01,752 - __main__ - INFO - Identified 430 unique grid nodes across Brandenburg.
2026-06-16 21:00:01,752 - __main__ - INFO - Loaded existing ingestion state with 190 completed grid nodes.
2026-06-16 21:00:01,752 - __main__ - INFO - Ingestion resume state: 190/430 completed. 240 remaining.
2026-06-16 21:00:01,752 - __main__ - INFO - Using public Open-Meteo Archive API endpoint: https://archive-api.open-meteo.com/v1/archive
2026-06-16 21:00:01,752 - __main__ - INFO - Fetching batch 1/48 with 5 locations (lat: 52.4,52.4,52.4,52.4,52.4...)
2026-06-16 21:00:01,844 - __main__ - WARNING - Daily API request limit exceeded on batch 1/48. Sleeping for 11098.2 seconds (until 2026-06-17T00:05:00+00:00) before retrying...
=== Weather Ingestion Cron Run Start: Tue 16 Jun 22:00:01 UTC 2026 ===
2026-06-16 22:00:02,029 - src.data.boundary_fetcher - INFO - Configuration loaded successfully from conf/config.yaml
2026-06-16 22:00:02,029 - __main__ - INFO - Another ingestion process (PID 594217) is already running. Exiting.
=== Weather Ingestion Cron Run End: Tue 16 Jun 22:00:02 UTC 2026 ===
=== Weather Ingestion Cron Run Start: Tue 16 Jun 23:00:01 UTC 2026 ===
2026-06-16 23:00:01,429 - src.data.boundary_fetcher - INFO - Configuration loaded successfully from conf/config.yaml
2026-06-16 23:00:01,429 - __main__ - INFO - Another ingestion process (PID 594217) is already running. Exiting.
=== Weather Ingestion Cron Run End: Tue 16 Jun 23:00:01 UTC 2026 ===
=== Weather Ingestion Cron Run Start: Wed 17 Jun 00:00:01 UTC 2026 ===
2026-06-17 00:00:01,505 - src.data.boundary_fetcher - INFO - Configuration loaded successfully from conf/config.yaml
2026-06-17 00:00:01,505 - __main__ - INFO - Another ingestion process (PID 594217) is already running. Exiting.
=== Weather Ingestion Cron Run End: Wed 17 Jun 00:00:01 UTC 2026 ===
2026-06-17 00:05:10,710 - __main__ - INFO - Successfully processed batch 1/48.
2026-06-17 00:05:12,710 - __main__ - INFO - Fetching batch 2/48 with 5 locations (lat: 52.4,52.4,52.4,52.4,52.4...)
2026-06-17 00:05:12,790 - __main__ - WARNING - API returned 429 Rate Limit error on batch 2/48, attempt 1/5. Sleeping for 15.0 seconds before retrying...
2026-06-17 00:05:27,876 - __main__ - WARNING - API returned 429 Rate Limit error on batch 2/48, attempt 2/5. Sleeping for 30.0 seconds before retrying...
2026-06-17 00:05:57,950 - __main__ - WARNING - API returned 429 Rate Limit error on batch 2/48, attempt 3/5. Sleeping for 60.0 seconds before retrying...
2026-06-17 00:07:08,752 - __main__ - INFO - Successfully processed batch 2/48.
2026-06-17 00:07:10,753 - __main__ - INFO - Fetching batch 3/48 with 5 locations (lat: 52.4,52.4,52.4,52.4,52.4...)
2026-06-17 00:07:19,612 - __main__ - INFO - Successfully processed batch 3/48.
2026-06-17 00:07:21,612 - __main__ - INFO - Fetching batch 4/48 with 5 locations (lat: 52.4,52.4,52.4,52.5,52.5...)
2026-06-17 00:07:21,686 - __main__ - WARNING - API returned 429 Rate Limit error on batch 4/48, attempt 1/5. Sleeping for 15.0 seconds before retrying...
2026-06-17 00:07:36,762 - __main__ - WARNING - API returned 429 Rate Limit error on batch 4/48, attempt 2/5. Sleeping for 30.0 seconds before retrying...
2026-06-17 00:08:15,871 - __main__ - INFO - Successfully processed batch 4/48.
2026-06-17 00:08:17,871 - __main__ - INFO - Fetching batch 5/48 with 5 locations (lat: 52.5,52.5,52.5,52.5,52.5...)
2026-06-17 00:08:17,944 - __main__ - WARNING - API returned 429 Rate Limit error on batch 5/48, attempt 1/5. Sleeping for 15.0 seconds before retrying...
2026-06-17 00:08:33,020 - __main__ - WARNING - API returned 429 Rate Limit error on batch 5/48, attempt 2/5. Sleeping for 30.0 seconds before retrying...
2026-06-17 00:09:21,615 - __main__ - INFO - Successfully processed batch 5/48.
2026-06-17 00:09:23,615 - __main__ - INFO - Fetching batch 6/48 with 5 locations (lat: 52.5,52.5,52.5,52.5,52.5...)
2026-06-17 00:09:23,693 - __main__ - WARNING - API returned 429 Rate Limit error on batch 6/48, attempt 1/5. Sleeping for 15.0 seconds before retrying...
2026-06-17 00:09:38,761 - __main__ - WARNING - API returned 429 Rate Limit error on batch 6/48, attempt 2/5. Sleeping for 30.0 seconds before retrying...
2026-06-17 00:10:24,850 - __main__ - INFO - Successfully processed batch 6/48.
2026-06-17 00:10:26,850 - __main__ - INFO - Fetching batch 7/48 with 5 locations (lat: 52.5,52.5,52.5,52.5,52.5...)
2026-06-17 00:10:26,926 - __main__ - WARNING - API returned 429 Rate Limit error on batch 7/48, attempt 1/5. Sleeping for 15.0 seconds before retrying...
2026-06-17 00:10:42,015 - __main__ - WARNING - API returned 429 Rate Limit error on batch 7/48, attempt 2/5. Sleeping for 30.0 seconds before retrying...
2026-06-17 00:11:27,017 - __main__ - INFO - Successfully processed batch 7/48.
2026-06-17 00:11:29,017 - __main__ - INFO - Fetching batch 8/48 with 5 locations (lat: 52.5,52.5,52.5,52.5,52.6...)
2026-06-17 00:11:29,097 - __main__ - WARNING - API returned 429 Rate Limit error on batch 8/48, attempt 1/5. Sleeping for 15.0 seconds before retrying...
2026-06-17 00:11:44,180 - __main__ - WARNING - API returned 429 Rate Limit error on batch 8/48, attempt 2/5. Sleeping for 30.0 seconds before retrying...
2026-06-17 00:12:30,287 - __main__ - INFO - Successfully processed batch 8/48.
2026-06-17 00:12:32,288 - __main__ - INFO - Fetching batch 9/48 with 5 locations (lat: 52.6,52.6,52.6,52.6,52.6...)
2026-06-17 00:12:32,371 - __main__ - WARNING - API returned 429 Rate Limit error on batch 9/48, attempt 1/5. Sleeping for 15.0 seconds before retrying...
2026-06-17 00:12:47,448 - __main__ - WARNING - API returned 429 Rate Limit error on batch 9/48, attempt 2/5. Sleeping for 30.0 seconds before retrying...
2026-06-17 00:13:17,523 - __main__ - WARNING - Hourly API request limit exceeded on batch 9/48. Sleeping for 2862.5 seconds (until 2026-06-17T01:01:00+00:00) before retrying...
=== Weather Ingestion Cron Run Start: Wed 17 Jun 01:00:01 UTC 2026 ===
2026-06-17 01:00:01,557 - src.data.boundary_fetcher - INFO - Configuration loaded successfully from conf/config.yaml
2026-06-17 01:00:01,557 - __main__ - INFO - Another ingestion process (PID 594217) is already running. Exiting.
=== Weather Ingestion Cron Run End: Wed 17 Jun 01:00:01 UTC 2026 ===
2026-06-17 01:01:16,340 - __main__ - INFO - Successfully processed batch 9/48.
2026-06-17 01:01:18,341 - __main__ - INFO - Fetching batch 10/48 with 5 locations (lat: 52.6,52.6,52.6,52.6,52.6...)
2026-06-17 01:01:18,419 - __main__ - WARNING - API returned 429 Rate Limit error on batch 10/48, attempt 1/5. Sleeping for 15.0 seconds before retrying...
2026-06-17 01:01:33,501 - __main__ - WARNING - API returned 429 Rate Limit error on batch 10/48, attempt 2/5. Sleeping for 30.0 seconds before retrying...
2026-06-17 01:02:27,343 - __main__ - INFO - Successfully processed batch 10/48.
2026-06-17 01:02:29,343 - __main__ - INFO - Fetching batch 11/48 with 5 locations (lat: 52.6,52.6,52.6,52.6,52.6...)
2026-06-17 01:02:29,427 - __main__ - WARNING - API returned 429 Rate Limit error on batch 11/48, attempt 1/5. Sleeping for 15.0 seconds before retrying...
2026-06-17 01:02:44,501 - __main__ - WARNING - API returned 429 Rate Limit error on batch 11/48, attempt 2/5. Sleeping for 30.0 seconds before retrying...
2026-06-17 01:03:34,757 - __main__ - INFO - Successfully processed batch 11/48.
2026-06-17 01:03:36,758 - __main__ - INFO - Fetching batch 12/48 with 5 locations (lat: 52.6,52.6,52.6,52.6,52.6...)
2026-06-17 01:03:36,831 - __main__ - WARNING - API returned 429 Rate Limit error on batch 12/48, attempt 1/5. Sleeping for 15.0 seconds before retrying...
2026-06-17 01:03:51,910 - __main__ - WARNING - API returned 429 Rate Limit error on batch 12/48, attempt 2/5. Sleeping for 30.0 seconds before retrying...
2026-06-17 01:04:43,758 - __main__ - INFO - Successfully processed batch 12/48.
2026-06-17 01:04:45,758 - __main__ - INFO - Fetching batch 13/48 with 5 locations (lat: 52.6,52.6,52.6,52.6,52.7...)
2026-06-17 01:04:45,835 - __main__ - WARNING - API returned 429 Rate Limit error on batch 13/48, attempt 1/5. Sleeping for 15.0 seconds before retrying...
2026-06-17 01:05:31,600 - __main__ - INFO - Successfully processed batch 13/48.
2026-06-17 01:05:33,600 - __main__ - INFO - Fetching batch 14/48 with 5 locations (lat: 52.7,52.7,52.7,52.7,52.7...)
2026-06-17 01:05:33,690 - __main__ - WARNING - API returned 429 Rate Limit error on batch 14/48, attempt 1/5. Sleeping for 15.0 seconds before retrying...
2026-06-17 01:05:48,774 - __main__ - WARNING - API returned 429 Rate Limit error on batch 14/48, attempt 2/5. Sleeping for 30.0 seconds before retrying...
2026-06-17 01:06:37,566 - __main__ - INFO - Successfully processed batch 14/48.
2026-06-17 01:06:39,566 - __main__ - INFO - Fetching batch 15/48 with 5 locations (lat: 52.7,52.7,52.7,52.7,52.7...)
2026-06-17 01:06:39,637 - __main__ - WARNING - API returned 429 Rate Limit error on batch 15/48, attempt 1/5. Sleeping for 15.0 seconds before retrying...
2026-06-17 01:06:54,719 - __main__ - WARNING - API returned 429 Rate Limit error on batch 15/48, attempt 2/5. Sleeping for 30.0 seconds before retrying...
2026-06-17 01:07:41,788 - __main__ - INFO - Successfully processed batch 15/48.
2026-06-17 01:07:43,788 - __main__ - INFO - Fetching batch 16/48 with 5 locations (lat: 52.7,52.7,52.7,52.7,52.7...)
2026-06-17 01:07:43,867 - __main__ - WARNING - API returned 429 Rate Limit error on batch 16/48, attempt 1/5. Sleeping for 15.0 seconds before retrying...
2026-06-17 01:07:58,949 - __main__ - WARNING - API returned 429 Rate Limit error on batch 16/48, attempt 2/5. Sleeping for 30.0 seconds before retrying...
2026-06-17 01:08:29,030 - __main__ - WARNING - Daily API request limit exceeded on batch 16/48. Sleeping for 82591.0 seconds (until 2026-06-18T00:05:00+00:00) before retrying...
=== Weather Ingestion Cron Run Start: Wed 17 Jun 02:00:01 UTC 2026 ===
2026-06-17 02:00:02,196 - src.data.boundary_fetcher - INFO - Configuration loaded successfully from conf/config.yaml
2026-06-17 02:00:02,196 - __main__ - INFO - Another ingestion process (PID 594217) is already running. Exiting.
=== Weather Ingestion Cron Run End: Wed 17 Jun 02:00:02 UTC 2026 ===
=== Weather Ingestion Cron Run Start: Wed 17 Jun 03:00:01 UTC 2026 ===
2026-06-17 03:00:01,756 - src.data.boundary_fetcher - INFO - Configuration loaded successfully from conf/config.yaml
2026-06-17 03:00:01,756 - __main__ - INFO - Another ingestion process (PID 594217) is already running. Exiting.
=== Weather Ingestion Cron Run End: Wed 17 Jun 03:00:01 UTC 2026 ===
=== Weather Ingestion Cron Run Start: Wed 17 Jun 04:00:01 UTC 2026 ===
2026-06-17 04:00:02,057 - src.data.boundary_fetcher - INFO - Configuration loaded successfully from conf/config.yaml
2026-06-17 04:00:02,057 - __main__ - INFO - Another ingestion process (PID 594217) is already running. Exiting.
=== Weather Ingestion Cron Run End: Wed 17 Jun 04:00:02 UTC 2026 ===
=== Weather Ingestion Cron Run Start: Wed 17 Jun 05:00:01 UTC 2026 ===
2026-06-17 05:00:01,570 - src.data.boundary_fetcher - INFO - Configuration loaded successfully from conf/config.yaml
2026-06-17 05:00:01,570 - __main__ - INFO - Another ingestion process (PID 594217) is already running. Exiting.
=== Weather Ingestion Cron Run End: Wed 17 Jun 05:00:01 UTC 2026 ===
=== Weather Ingestion Cron Run Start: Wed 17 Jun 06:00:01 UTC 2026 ===
2026-06-17 06:00:01,681 - src.data.boundary_fetcher - INFO - Configuration loaded successfully from conf/config.yaml
2026-06-17 06:00:01,681 - __main__ - INFO - Another ingestion process (PID 594217) is already running. Exiting.
=== Weather Ingestion Cron Run End: Wed 17 Jun 06:00:01 UTC 2026 ===
=== Weather Ingestion Cron Run Start: Wed 17 Jun 07:00:01 UTC 2026 ===
2026-06-17 07:00:01,459 - src.data.boundary_fetcher - INFO - Configuration loaded successfully from conf/config.yaml
2026-06-17 07:00:01,459 - __main__ - INFO - Another ingestion process (PID 594217) is already running. Exiting.
=== Weather Ingestion Cron Run End: Wed 17 Jun 07:00:01 UTC 2026 ===
=== Weather Ingestion Cron Run Start: Wed 17 Jun 08:00:01 UTC 2026 ===
2026-06-17 08:00:01,870 - src.data.boundary_fetcher - INFO - Configuration loaded successfully from conf/config.yaml
2026-06-17 08:00:01,870 - __main__ - INFO - Another ingestion process (PID 594217) is already running. Exiting.
=== Weather Ingestion Cron Run End: Wed 17 Jun 08:00:01 UTC 2026 ===
=== Weather Ingestion Cron Run Start: Wed 17 Jun 09:00:01 UTC 2026 ===
2026-06-17 09:00:01,836 - src.data.boundary_fetcher - INFO - Configuration loaded successfully from conf/config.yaml
2026-06-17 09:00:01,836 - __main__ - INFO - Another ingestion process (PID 594217) is already running. Exiting.
=== Weather Ingestion Cron Run End: Wed 17 Jun 09:00:01 UTC 2026 ===
=== Weather Ingestion Cron Run Start: Wed 17 Jun 10:00:01 UTC 2026 ===
2026-06-17 10:00:02,320 - src.data.boundary_fetcher - INFO - Configuration loaded successfully from conf/config.yaml
2026-06-17 10:00:02,320 - __main__ - INFO - Another ingestion process (PID 594217) is already running. Exiting.
=== Weather Ingestion Cron Run End: Wed 17 Jun 10:00:02 UTC 2026 ===
=== Weather Ingestion Cron Run Start: Wed 17 Jun 11:00:01 UTC 2026 ===
2026-06-17 11:00:01,991 - src.data.boundary_fetcher - INFO - Configuration loaded successfully from conf/config.yaml
2026-06-17 11:00:01,991 - __main__ - INFO - Another ingestion process (PID 594217) is already running. Exiting.
=== Weather Ingestion Cron Run End: Wed 17 Jun 11:00:02 UTC 2026 ===
=== Weather Ingestion Cron Run Start: Wed 17 Jun 12:00:01 UTC 2026 ===
2026-06-17 12:00:01,490 - src.data.boundary_fetcher - INFO - Configuration loaded successfully from conf/config.yaml
2026-06-17 12:00:01,490 - __main__ - INFO - Another ingestion process (PID 594217) is already running. Exiting.
=== Weather Ingestion Cron Run End: Wed 17 Jun 12:00:01 UTC 2026 ===
=== Weather Ingestion Cron Run Start: Wed 17 Jun 13:00:01 UTC 2026 ===
2026-06-17 13:00:01,386 - src.data.boundary_fetcher - INFO - Configuration loaded successfully from conf/config.yaml
2026-06-17 13:00:01,386 - __main__ - INFO - Another ingestion process (PID 594217) is already running. Exiting.
=== Weather Ingestion Cron Run End: Wed 17 Jun 13:00:01 UTC 2026 ===
=== Weather Ingestion Cron Run Start: Wed 17 Jun 14:00:01 UTC 2026 ===
2026-06-17 14:00:01,525 - src.data.boundary_fetcher - INFO - Configuration loaded successfully from conf/config.yaml
2026-06-17 14:00:01,525 - __main__ - INFO - Another ingestion process (PID 594217) is already running. Exiting.
=== Weather Ingestion Cron Run End: Wed 17 Jun 14:00:01 UTC 2026 ===
=== Weather Ingestion Cron Run Start: Wed 17 Jun 15:00:01 UTC 2026 ===
2026-06-17 15:00:01,370 - src.data.boundary_fetcher - INFO - Configuration loaded successfully from conf/config.yaml
2026-06-17 15:00:01,370 - __main__ - INFO - Another ingestion process (PID 594217) is already running. Exiting.
=== Weather Ingestion Cron Run End: Wed 17 Jun 15:00:01 UTC 2026 ===
=== Weather Ingestion Cron Run Start: Wed 17 Jun 16:00:01 UTC 2026 ===
2026-06-17 16:00:01,334 - src.data.boundary_fetcher - INFO - Configuration loaded successfully from conf/config.yaml
2026-06-17 16:00:01,334 - __main__ - INFO - Another ingestion process (PID 594217) is already running. Exiting.
=== Weather Ingestion Cron Run End: Wed 17 Jun 16:00:01 UTC 2026 ===
=== Weather Ingestion Cron Run Start: Wed 17 Jun 17:00:01 UTC 2026 ===
2026-06-17 17:00:01,805 - src.data.boundary_fetcher - INFO - Configuration loaded successfully from conf/config.yaml
2026-06-17 17:00:01,805 - __main__ - INFO - Another ingestion process (PID 594217) is already running. Exiting.
=== Weather Ingestion Cron Run End: Wed 17 Jun 17:00:01 UTC 2026 ===
=== Weather Ingestion Cron Run Start: Wed 17 Jun 18:00:01 UTC 2026 ===
2026-06-17 18:00:02,171 - src.data.boundary_fetcher - INFO - Configuration loaded successfully from conf/config.yaml
2026-06-17 18:00:02,171 - __main__ - INFO - Another ingestion process (PID 594217) is already running. Exiting.
=== Weather Ingestion Cron Run End: Wed 17 Jun 18:00:02 UTC 2026 ===
=== Weather Ingestion Cron Run Start: Wed 17 Jun 19:00:01 UTC 2026 ===
2026-06-17 19:00:01,604 - src.data.boundary_fetcher - INFO - Configuration loaded successfully from conf/config.yaml
2026-06-17 19:00:01,604 - __main__ - INFO - Another ingestion process (PID 594217) is already running. Exiting.
=== Weather Ingestion Cron Run End: Wed 17 Jun 19:00:01 UTC 2026 ===
=== Weather Ingestion Cron Run Start: Wed 17 Jun 20:00:01 UTC 2026 ===
2026-06-17 20:00:01,429 - src.data.boundary_fetcher - INFO - Configuration loaded successfully from conf/config.yaml
2026-06-17 20:00:01,430 - __main__ - INFO - Another ingestion process (PID 594217) is already running. Exiting.
=== Weather Ingestion Cron Run End: Wed 17 Jun 20:00:01 UTC 2026 ===
=== Weather Ingestion Cron Run Start: Wed 17 Jun 21:00:01 UTC 2026 ===
2026-06-17 21:00:01,963 - src.data.boundary_fetcher - INFO - Configuration loaded successfully from conf/config.yaml
2026-06-17 21:00:01,963 - __main__ - INFO - Another ingestion process (PID 594217) is already running. Exiting.
=== Weather Ingestion Cron Run End: Wed 17 Jun 21:00:02 UTC 2026 ===
=== Weather Ingestion Cron Run Start: Wed 17 Jun 22:00:01 UTC 2026 ===
2026-06-17 22:00:01,786 - src.data.boundary_fetcher - INFO - Configuration loaded successfully from conf/config.yaml
2026-06-17 22:00:01,787 - __main__ - INFO - Another ingestion process (PID 594217) is already running. Exiting.
=== Weather Ingestion Cron Run End: Wed 17 Jun 22:00:01 UTC 2026 ===
=== Weather Ingestion Cron Run Start: Wed 17 Jun 23:00:01 UTC 2026 ===
2026-06-17 23:00:02,149 - src.data.boundary_fetcher - INFO - Configuration loaded successfully from conf/config.yaml
2026-06-17 23:00:02,149 - __main__ - INFO - Another ingestion process (PID 594217) is already running. Exiting.
=== Weather Ingestion Cron Run End: Wed 17 Jun 23:00:02 UTC 2026 ===
=== Weather Ingestion Cron Run Start: Thu 18 Jun 00:00:02 UTC 2026 ===
2026-06-18 00:00:02,420 - src.data.boundary_fetcher - INFO - Configuration loaded successfully from conf/config.yaml
2026-06-18 00:00:02,420 - __main__ - INFO - Another ingestion process (PID 594217) is already running. Exiting.
=== Weather Ingestion Cron Run End: Thu 18 Jun 00:00:02 UTC 2026 ===
2026-06-18 00:05:00,489 - __main__ - WARNING - Network error on batch 16/48, attempt 4/5 (HTTP status: 502): 502 Server Error: Bad Gateway for url: https://archive-api.open-meteo.com/v1/archive?latitude=52.7%2C52.7%2C52.7%2C52.7%2C52.7&longitude=13.3%2C13.4%2C13.5%2C13.6%2C13.7&start_date=2022-01-01&end_date=2026-06-01&hourly=temperature_2m%2Crelative_humidity_2m%2Csurface_pressure%2Ccloud_cover%2Cwind_speed_10m%2Cwind_speed_100m%2Cwind_direction_10m%2Cwind_direction_100m%2Cshortwave_radiation%2Cdirect_radiation%2Cdiffuse_radiation%2Cdirect_normal_irradiance&timezone=UTC.
2026-06-18 00:05:00,489 - __main__ - WARNING - Sleeping for 5.0 seconds before retrying...
2026-06-18 00:05:26,531 - __main__ - INFO - Successfully processed batch 16/48.
2026-06-18 00:05:28,532 - __main__ - INFO - Fetching batch 17/48 with 5 locations (lat: 52.7,52.7,52.7,52.7,52.7...)
2026-06-18 00:05:28,615 - __main__ - WARNING - API returned 429 Rate Limit error on batch 17/48, attempt 1/5. Sleeping for 15.0 seconds before retrying...
2026-06-18 00:05:43,698 - __main__ - WARNING - API returned 429 Rate Limit error on batch 17/48, attempt 2/5. Sleeping for 30.0 seconds before retrying...
2026-06-18 00:06:25,387 - __main__ - INFO - Successfully processed batch 17/48.
2026-06-18 00:06:27,387 - __main__ - INFO - Fetching batch 18/48 with 5 locations (lat: 52.7,52.7,52.8,52.8,52.8...)
2026-06-18 00:06:27,463 - __main__ - WARNING - API returned 429 Rate Limit error on batch 18/48, attempt 1/5. Sleeping for 15.0 seconds before retrying...
2026-06-18 00:06:42,540 - __main__ - WARNING - API returned 429 Rate Limit error on batch 18/48, attempt 2/5. Sleeping for 30.0 seconds before retrying...
2026-06-18 00:07:31,467 - __main__ - INFO - Successfully processed batch 18/48.
2026-06-18 00:07:33,467 - __main__ - INFO - Fetching batch 19/48 with 5 locations (lat: 52.8,52.8,52.8,52.8,52.8...)
2026-06-18 00:07:33,550 - __main__ - WARNING - API returned 429 Rate Limit error on batch 19/48, attempt 1/5. Sleeping for 15.0 seconds before retrying...
2026-06-18 00:07:48,625 - __main__ - WARNING - API returned 429 Rate Limit error on batch 19/48, attempt 2/5. Sleeping for 30.0 seconds before retrying...
2026-06-18 00:08:39,212 - __main__ - INFO - Successfully processed batch 19/48.
2026-06-18 00:08:41,212 - __main__ - INFO - Fetching batch 20/48 with 5 locations (lat: 52.8,52.8,52.8,52.8,52.8...)
2026-06-18 00:08:41,285 - __main__ - WARNING - API returned 429 Rate Limit error on batch 20/48, attempt 1/5. Sleeping for 15.0 seconds before retrying...
2026-06-18 00:08:56,362 - __main__ - WARNING - API returned 429 Rate Limit error on batch 20/48, attempt 2/5. Sleeping for 30.0 seconds before retrying...
2026-06-18 00:09:38,590 - __main__ - INFO - Successfully processed batch 20/48.
2026-06-18 00:09:40,591 - __main__ - INFO - Fetching batch 21/48 with 5 locations (lat: 52.8,52.8,52.8,52.8,52.8...)
2026-06-18 00:09:40,667 - __main__ - WARNING - API returned 429 Rate Limit error on batch 21/48, attempt 1/5. Sleeping for 15.0 seconds before retrying...
2026-06-18 00:09:55,741 - __main__ - WARNING - API returned 429 Rate Limit error on batch 21/48, attempt 2/5. Sleeping for 30.0 seconds before retrying...
2026-06-18 00:10:31,219 - __main__ - INFO - Successfully processed batch 21/48.
2026-06-18 00:10:33,219 - __main__ - INFO - Fetching batch 22/48 with 5 locations (lat: 52.8,52.8,52.8,52.8,52.9...)
2026-06-18 00:10:33,304 - __main__ - WARNING - API returned 429 Rate Limit error on batch 22/48, attempt 1/5. Sleeping for 15.0 seconds before retrying...
2026-06-18 00:10:48,380 - __main__ - WARNING - API returned 429 Rate Limit error on batch 22/48, attempt 2/5. Sleeping for 30.0 seconds before retrying...
2026-06-18 00:11:24,884 - __main__ - INFO - Successfully processed batch 22/48.
2026-06-18 00:11:26,884 - __main__ - INFO - Fetching batch 23/48 with 5 locations (lat: 52.9,52.9,52.9,52.9,52.9...)
2026-06-18 00:11:26,970 - __main__ - WARNING - API returned 429 Rate Limit error on batch 23/48, attempt 1/5. Sleeping for 15.0 seconds before retrying...
2026-06-18 00:11:42,050 - __main__ - WARNING - API returned 429 Rate Limit error on batch 23/48, attempt 2/5. Sleeping for 30.0 seconds before retrying...
2026-06-18 00:12:24,811 - __main__ - INFO - Successfully processed batch 23/48.
2026-06-18 00:12:26,811 - __main__ - INFO - Fetching batch 24/48 with 5 locations (lat: 52.9,52.9,52.9,52.9,52.9...)
2026-06-18 00:12:26,896 - __main__ - WARNING - API returned 429 Rate Limit error on batch 24/48, attempt 1/5. Sleeping for 15.0 seconds before retrying...
2026-06-18 00:12:41,974 - __main__ - WARNING - API returned 429 Rate Limit error on batch 24/48, attempt 2/5. Sleeping for 30.0 seconds before retrying...
2026-06-18 00:13:12,041 - __main__ - WARNING - Hourly API request limit exceeded on batch 24/48. Sleeping for 2868.0 seconds (until 2026-06-18T01:01:00+00:00) before retrying...
=== Weather Ingestion Cron Run Start: Thu 18 Jun 01:00:01 UTC 2026 ===
2026-06-18 01:00:01,749 - src.data.boundary_fetcher - INFO - Configuration loaded successfully from conf/config.yaml
2026-06-18 01:00:01,749 - __main__ - INFO - Another ingestion process (PID 594217) is already running. Exiting.
=== Weather Ingestion Cron Run End: Thu 18 Jun 01:00:01 UTC 2026 ===
2026-06-18 01:01:18,338 - __main__ - INFO - Successfully processed batch 24/48.
2026-06-18 01:01:20,338 - __main__ - INFO - Fetching batch 25/48 with 5 locations (lat: 52.9,52.9,52.9,52.9,52.9...)
2026-06-18 01:01:33,568 - __main__ - INFO - Successfully processed batch 25/48.
2026-06-18 01:01:35,568 - __main__ - INFO - Fetching batch 26/48 with 5 locations (lat: 52.9,52.9,52.9,52.9,52.9...)
2026-06-18 01:01:35,656 - __main__ - WARNING - API returned 429 Rate Limit error on batch 26/48, attempt 1/5. Sleeping for 15.0 seconds before retrying...
2026-06-18 01:01:50,731 - __main__ - WARNING - API returned 429 Rate Limit error on batch 26/48, attempt 2/5. Sleeping for 30.0 seconds before retrying...
2026-06-18 01:02:31,774 - __main__ - INFO - Successfully processed batch 26/48.
2026-06-18 01:02:33,774 - __main__ - INFO - Fetching batch 27/48 with 5 locations (lat: 52.9,52.9,53.0,53.0,53.0...)
2026-06-18 01:02:33,842 - __main__ - WARNING - API returned 429 Rate Limit error on batch 27/48, attempt 1/5. Sleeping for 15.0 seconds before retrying...
2026-06-18 01:02:48,923 - __main__ - WARNING - API returned 429 Rate Limit error on batch 27/48, attempt 2/5. Sleeping for 30.0 seconds before retrying...
2026-06-18 01:03:29,367 - __main__ - INFO - Successfully processed batch 27/48.
2026-06-18 01:03:31,368 - __main__ - INFO - Fetching batch 28/48 with 5 locations (lat: 53.0,53.0,53.0,53.0,53.0...)
2026-06-18 01:03:31,456 - __main__ - WARNING - API returned 429 Rate Limit error on batch 28/48, attempt 1/5. Sleeping for 15.0 seconds before retrying...
2026-06-18 01:03:46,537 - __main__ - WARNING - API returned 429 Rate Limit error on batch 28/48, attempt 2/5. Sleeping for 30.0 seconds before retrying...
2026-06-18 01:04:29,913 - __main__ - INFO - Successfully processed batch 28/48.
2026-06-18 01:04:31,913 - __main__ - INFO - Fetching batch 29/48 with 5 locations (lat: 53.0,53.0,53.0,53.0,53.0...)
2026-06-18 01:04:31,990 - __main__ - WARNING - API returned 429 Rate Limit error on batch 29/48, attempt 1/5. Sleeping for 15.0 seconds before retrying...
2026-06-18 01:04:47,065 - __main__ - WARNING - API returned 429 Rate Limit error on batch 29/48, attempt 2/5. Sleeping for 30.0 seconds before retrying...
2026-06-18 01:05:26,153 - __main__ - INFO - Successfully processed batch 29/48.
2026-06-18 01:05:28,153 - __main__ - INFO - Fetching batch 30/48 with 5 locations (lat: 53.0,53.0,53.0,53.0,53.0...)
2026-06-18 01:05:28,273 - __main__ - WARNING - API returned 429 Rate Limit error on batch 30/48, attempt 1/5. Sleeping for 15.0 seconds before retrying...
2026-06-18 01:05:43,355 - __main__ - WARNING - API returned 429 Rate Limit error on batch 30/48, attempt 2/5. Sleeping for 30.0 seconds before retrying...
2026-06-18 01:06:18,359 - __main__ - INFO - Successfully processed batch 30/48.
2026-06-18 01:06:20,359 - __main__ - INFO - Fetching batch 31/48 with 5 locations (lat: 53.0,53.0,53.0,53.0,53.0...)
2026-06-18 01:06:20,436 - __main__ - WARNING - API returned 429 Rate Limit error on batch 31/48, attempt 1/5. Sleeping for 15.0 seconds before retrying...
2026-06-18 01:06:35,747 - __main__ - WARNING - API returned 429 Rate Limit error on batch 31/48, attempt 2/5. Sleeping for 30.0 seconds before retrying...
2026-06-18 01:07:05,840 - __main__ - WARNING - Daily API request limit exceeded on batch 31/48. Sleeping for 82674.2 seconds (until 2026-06-19T00:05:00+00:00) before retrying...
=== Weather Ingestion Cron Run Start: Thu 18 Jun 02:00:01 UTC 2026 ===
2026-06-18 02:00:01,970 - src.data.boundary_fetcher - INFO - Configuration loaded successfully from conf/config.yaml
2026-06-18 02:00:01,970 - __main__ - INFO - Another ingestion process (PID 594217) is already running. Exiting.
=== Weather Ingestion Cron Run End: Thu 18 Jun 02:00:02 UTC 2026 ===
=== Weather Ingestion Cron Run Start: Thu 18 Jun 03:00:01 UTC 2026 ===
2026-06-18 03:00:01,864 - src.data.boundary_fetcher - INFO - Configuration loaded successfully from conf/config.yaml
2026-06-18 03:00:01,865 - __main__ - INFO - Another ingestion process (PID 594217) is already running. Exiting.
=== Weather Ingestion Cron Run End: Thu 18 Jun 03:00:01 UTC 2026 ===
=== Weather Ingestion Cron Run Start: Thu 18 Jun 04:00:01 UTC 2026 ===
2026-06-18 04:00:02,158 - src.data.boundary_fetcher - INFO - Configuration loaded successfully from conf/config.yaml
2026-06-18 04:00:02,158 - __main__ - INFO - Another ingestion process (PID 594217) is already running. Exiting.
=== Weather Ingestion Cron Run End: Thu 18 Jun 04:00:02 UTC 2026 ===
=== Weather Ingestion Cron Run Start: Thu 18 Jun 05:00:01 UTC 2026 ===
2026-06-18 05:00:01,852 - src.data.boundary_fetcher - INFO - Configuration loaded successfully from conf/config.yaml
2026-06-18 05:00:01,852 - __main__ - INFO - Another ingestion process (PID 594217) is already running. Exiting.
=== Weather Ingestion Cron Run End: Thu 18 Jun 05:00:02 UTC 2026 ===
=== Weather Ingestion Cron Run Start: Thu 18 Jun 06:00:01 UTC 2026 ===
2026-06-18 06:00:01,665 - src.data.boundary_fetcher - INFO - Configuration loaded successfully from conf/config.yaml
2026-06-18 06:00:01,665 - __main__ - INFO - Another ingestion process (PID 594217) is already running. Exiting.
=== Weather Ingestion Cron Run End: Thu 18 Jun 06:00:01 UTC 2026 ===
=== Weather Ingestion Cron Run Start: Thu 18 Jun 07:00:01 UTC 2026 ===
2026-06-18 07:00:01,508 - src.data.boundary_fetcher - INFO - Configuration loaded successfully from conf/config.yaml
2026-06-18 07:00:01,508 - __main__ - INFO - Another ingestion process (PID 594217) is already running. Exiting.
=== Weather Ingestion Cron Run End: Thu 18 Jun 07:00:01 UTC 2026 ===
=== Weather Ingestion Cron Run Start: Thu 18 Jun 08:00:01 UTC 2026 ===
2026-06-18 08:00:02,232 - src.data.boundary_fetcher - INFO - Configuration loaded successfully from conf/config.yaml
2026-06-18 08:00:02,232 - __main__ - INFO - Another ingestion process (PID 594217) is already running. Exiting.
=== Weather Ingestion Cron Run End: Thu 18 Jun 08:00:02 UTC 2026 ===
=== Weather Ingestion Cron Run Start: Thu 18 Jun 09:00:01 UTC 2026 ===
2026-06-18 09:00:01,551 - src.data.boundary_fetcher - INFO - Configuration loaded successfully from conf/config.yaml
2026-06-18 09:00:01,551 - __main__ - INFO - Another ingestion process (PID 594217) is already running. Exiting.
=== Weather Ingestion Cron Run End: Thu 18 Jun 09:00:01 UTC 2026 ===
=== Weather Ingestion Cron Run Start: Thu 18 Jun 10:00:01 UTC 2026 ===
2026-06-18 10:00:01,512 - src.data.boundary_fetcher - INFO - Configuration loaded successfully from conf/config.yaml
2026-06-18 10:00:01,513 - __main__ - INFO - Another ingestion process (PID 594217) is already running. Exiting.
=== Weather Ingestion Cron Run End: Thu 18 Jun 10:00:01 UTC 2026 ===
=== Weather Ingestion Cron Run Start: Thu 18 Jun 11:00:01 UTC 2026 ===
2026-06-18 11:00:01,795 - src.data.boundary_fetcher - INFO - Configuration loaded successfully from conf/config.yaml
2026-06-18 11:00:01,795 - __main__ - INFO - Another ingestion process (PID 594217) is already running. Exiting.
=== Weather Ingestion Cron Run End: Thu 18 Jun 11:00:01 UTC 2026 ===
=== Weather Ingestion Cron Run Start: Thu 18 Jun 12:00:01 UTC 2026 ===
2026-06-18 12:00:02,243 - src.data.boundary_fetcher - INFO - Configuration loaded successfully from conf/config.yaml
2026-06-18 12:00:02,243 - __main__ - INFO - Another ingestion process (PID 594217) is already running. Exiting.
=== Weather Ingestion Cron Run End: Thu 18 Jun 12:00:02 UTC 2026 ===
=== Weather Ingestion Cron Run Start: Thu 18 Jun 13:00:01 UTC 2026 ===
2026-06-18 13:00:01,501 - src.data.boundary_fetcher - INFO - Configuration loaded successfully from conf/config.yaml
2026-06-18 13:00:01,501 - __main__ - INFO - Another ingestion process (PID 594217) is already running. Exiting.
=== Weather Ingestion Cron Run End: Thu 18 Jun 13:00:01 UTC 2026 ===
=== Weather Ingestion Cron Run Start: Thu 18 Jun 14:00:01 UTC 2026 ===
2026-06-18 14:00:02,055 - src.data.boundary_fetcher - INFO - Configuration loaded successfully from conf/config.yaml
2026-06-18 14:00:02,056 - __main__ - INFO - Another ingestion process (PID 594217) is already running. Exiting.
=== Weather Ingestion Cron Run End: Thu 18 Jun 14:00:02 UTC 2026 ===
=== Weather Ingestion Cron Run Start: Thu 18 Jun 15:00:01 UTC 2026 ===
2026-06-18 15:00:01,918 - src.data.boundary_fetcher - INFO - Configuration loaded successfully from conf/config.yaml
2026-06-18 15:00:01,918 - __main__ - INFO - Another ingestion process (PID 594217) is already running. Exiting.
=== Weather Ingestion Cron Run End: Thu 18 Jun 15:00:01 UTC 2026 ===
=== Weather Ingestion Cron Run Start: Thu 18 Jun 16:00:01 UTC 2026 ===
2026-06-18 16:00:02,042 - src.data.boundary_fetcher - INFO - Configuration loaded successfully from conf/config.yaml
2026-06-18 16:00:02,042 - __main__ - INFO - Another ingestion process (PID 594217) is already running. Exiting.
=== Weather Ingestion Cron Run End: Thu 18 Jun 16:00:02 UTC 2026 ===
=== Weather Ingestion Cron Run Start: Thu 18 Jun 17:00:01 UTC 2026 ===
2026-06-18 17:00:01,890 - src.data.boundary_fetcher - INFO - Configuration loaded successfully from conf/config.yaml
2026-06-18 17:00:01,890 - __main__ - INFO - Another ingestion process (PID 594217) is already running. Exiting.
=== Weather Ingestion Cron Run End: Thu 18 Jun 17:00:01 UTC 2026 ===
=== Weather Ingestion Cron Run Start: Thu 18 Jun 18:00:01 UTC 2026 ===
2026-06-18 18:00:02,357 - src.data.boundary_fetcher - INFO - Configuration loaded successfully from conf/config.yaml
2026-06-18 18:00:02,357 - __main__ - INFO - Another ingestion process (PID 594217) is already running. Exiting.
=== Weather Ingestion Cron Run End: Thu 18 Jun 18:00:02 UTC 2026 ===
=== Weather Ingestion Cron Run Start: Thu 18 Jun 19:00:01 UTC 2026 ===
2026-06-18 19:00:01,923 - src.data.boundary_fetcher - INFO - Configuration loaded successfully from conf/config.yaml
2026-06-18 19:00:01,923 - __main__ - INFO - Another ingestion process (PID 594217) is already running. Exiting.
=== Weather Ingestion Cron Run End: Thu 18 Jun 19:00:02 UTC 2026 ===
=== Weather Ingestion Cron Run Start: Thu 18 Jun 20:00:01 UTC 2026 ===
2026-06-18 20:00:01,489 - src.data.boundary_fetcher - INFO - Configuration loaded successfully from conf/config.yaml
2026-06-18 20:00:01,489 - __main__ - INFO - Another ingestion process (PID 594217) is already running. Exiting.
=== Weather Ingestion Cron Run End: Thu 18 Jun 20:00:01 UTC 2026 ===
=== Weather Ingestion Cron Run Start: Thu 18 Jun 21:00:01 UTC 2026 ===
2026-06-18 21:00:01,501 - src.data.boundary_fetcher - INFO - Configuration loaded successfully from conf/config.yaml
2026-06-18 21:00:01,501 - __main__ - INFO - Another ingestion process (PID 594217) is already running. Exiting.
=== Weather Ingestion Cron Run End: Thu 18 Jun 21:00:01 UTC 2026 ===
=== Weather Ingestion Cron Run Start: Thu 18 Jun 22:00:01 UTC 2026 ===
2026-06-18 22:00:02,081 - src.data.boundary_fetcher - INFO - Configuration loaded successfully from conf/config.yaml
2026-06-18 22:00:02,081 - __main__ - INFO - Another ingestion process (PID 594217) is already running. Exiting.
=== Weather Ingestion Cron Run End: Thu 18 Jun 22:00:02 UTC 2026 ===
=== Weather Ingestion Cron Run Start: Thu 18 Jun 23:00:01 UTC 2026 ===
2026-06-18 23:00:02,232 - src.data.boundary_fetcher - INFO - Configuration loaded successfully from conf/config.yaml
2026-06-18 23:00:02,232 - __main__ - INFO - Another ingestion process (PID 594217) is already running. Exiting.
=== Weather Ingestion Cron Run End: Thu 18 Jun 23:00:02 UTC 2026 ===
=== Weather Ingestion Cron Run Start: Fri 19 Jun 00:00:01 UTC 2026 ===
2026-06-19 00:00:02,134 - src.data.boundary_fetcher - INFO - Configuration loaded successfully from conf/config.yaml
2026-06-19 00:00:02,134 - __main__ - INFO - Another ingestion process (PID 594217) is already running. Exiting.
=== Weather Ingestion Cron Run End: Fri 19 Jun 00:00:02 UTC 2026 ===
2026-06-19 00:05:24,548 - __main__ - INFO - Successfully processed batch 31/48.
2026-06-19 00:05:26,549 - __main__ - INFO - Fetching batch 32/48 with 5 locations (lat: 53.0,53.0,53.0,53.1,53.1...)
2026-06-19 00:05:26,632 - __main__ - WARNING - API returned 429 Rate Limit error on batch 32/48, attempt 1/5. Sleeping for 15.0 seconds before retrying...
2026-06-19 00:05:41,708 - __main__ - WARNING - API returned 429 Rate Limit error on batch 32/48, attempt 2/5. Sleeping for 30.0 seconds before retrying...
2026-06-19 00:06:33,796 - __main__ - INFO - Successfully processed batch 32/48.
2026-06-19 00:06:35,797 - __main__ - INFO - Fetching batch 33/48 with 5 locations (lat: 53.1,53.1,53.1,53.1,53.1...)
2026-06-19 00:06:35,872 - __main__ - WARNING - API returned 429 Rate Limit error on batch 33/48, attempt 1/5. Sleeping for 15.0 seconds before retrying...
2026-06-19 00:06:50,954 - __main__ - WARNING - API returned 429 Rate Limit error on batch 33/48, attempt 2/5. Sleeping for 30.0 seconds before retrying...
2026-06-19 00:07:37,326 - __main__ - INFO - Successfully processed batch 33/48.
2026-06-19 00:07:39,326 - __main__ - INFO - Fetching batch 34/48 with 5 locations (lat: 53.1,53.1,53.1,53.1,53.1...)
2026-06-19 00:07:39,408 - __main__ - WARNING - API returned 429 Rate Limit error on batch 34/48, attempt 1/5. Sleeping for 15.0 seconds before retrying...
2026-06-19 00:07:54,489 - __main__ - WARNING - API returned 429 Rate Limit error on batch 34/48, attempt 2/5. Sleeping for 30.0 seconds before retrying...
2026-06-19 00:08:40,047 - __main__ - INFO - Successfully processed batch 34/48.
2026-06-19 00:08:42,048 - __main__ - INFO - Fetching batch 35/48 with 5 locations (lat: 53.1,53.1,53.1,53.1,53.1...)
2026-06-19 00:08:42,128 - __main__ - WARNING - API returned 429 Rate Limit error on batch 35/48, attempt 1/5. Sleeping for 15.0 seconds before retrying...
2026-06-19 00:08:57,211 - __main__ - WARNING - API returned 429 Rate Limit error on batch 35/48, attempt 2/5. Sleeping for 30.0 seconds before retrying...
2026-06-19 00:09:39,444 - __main__ - INFO - Successfully processed batch 35/48.
2026-06-19 00:09:41,444 - __main__ - INFO - Fetching batch 36/48 with 5 locations (lat: 53.1,53.1,53.1,53.1,53.1...)
2026-06-19 00:09:41,523 - __main__ - WARNING - API returned 429 Rate Limit error on batch 36/48, attempt 1/5. Sleeping for 15.0 seconds before retrying...
2026-06-19 00:09:56,602 - __main__ - WARNING - API returned 429 Rate Limit error on batch 36/48, attempt 2/5. Sleeping for 30.0 seconds before retrying...
2026-06-19 00:10:46,284 - __main__ - INFO - Successfully processed batch 36/48.
2026-06-19 00:10:48,284 - __main__ - INFO - Fetching batch 37/48 with 5 locations (lat: 53.1,53.1,53.1,53.1,53.1...)
2026-06-19 00:10:48,368 - __main__ - WARNING - API returned 429 Rate Limit error on batch 37/48, attempt 1/5. Sleeping for 15.0 seconds before retrying...
2026-06-19 00:11:23,823 - __main__ - INFO - Successfully processed batch 37/48.
2026-06-19 00:11:25,823 - __main__ - INFO - Fetching batch 38/48 with 5 locations (lat: 53.1,53.1,53.1,53.2,53.2...)
2026-06-19 00:11:25,910 - __main__ - WARNING - API returned 429 Rate Limit error on batch 38/48, attempt 1/5. Sleeping for 15.0 seconds before retrying...
2026-06-19 00:11:40,983 - __main__ - WARNING - API returned 429 Rate Limit error on batch 38/48, attempt 2/5. Sleeping for 30.0 seconds before retrying...
2026-06-19 00:12:25,995 - __main__ - INFO - Successfully processed batch 38/48.
2026-06-19 00:12:27,995 - __main__ - INFO - Fetching batch 39/48 with 5 locations (lat: 53.2,53.2,53.2,53.2,53.2...)
2026-06-19 00:12:28,075 - __main__ - WARNING - API returned 429 Rate Limit error on batch 39/48, attempt 1/5. Sleeping for 15.0 seconds before retrying...
2026-06-19 00:12:43,147 - __main__ - WARNING - API returned 429 Rate Limit error on batch 39/48, attempt 2/5. Sleeping for 30.0 seconds before retrying...
2026-06-19 00:13:13,221 - __main__ - WARNING - Hourly API request limit exceeded on batch 39/48. Sleeping for 2866.8 seconds (until 2026-06-19T01:01:00+00:00) before retrying...
=== Weather Ingestion Cron Run Start: Fri 19 Jun 01:00:01 UTC 2026 ===
2026-06-19 01:00:02,030 - src.data.boundary_fetcher - INFO - Configuration loaded successfully from conf/config.yaml
2026-06-19 01:00:02,030 - __main__ - INFO - Another ingestion process (PID 594217) is already running. Exiting.
=== Weather Ingestion Cron Run End: Fri 19 Jun 01:00:02 UTC 2026 ===
2026-06-19 01:01:06,447 - __main__ - INFO - Successfully processed batch 39/48.
2026-06-19 01:01:08,448 - __main__ - INFO - Fetching batch 40/48 with 5 locations (lat: 53.2,53.2,53.2,53.2,53.2...)
2026-06-19 01:01:12,799 - __main__ - INFO - Successfully processed batch 40/48.
2026-06-19 01:01:14,799 - __main__ - INFO - Fetching batch 41/48 with 5 locations (lat: 53.2,53.2,53.2,53.2,53.2...)
2026-06-19 01:01:14,873 - __main__ - WARNING - API returned 429 Rate Limit error on batch 41/48, attempt 1/5. Sleeping for 15.0 seconds before retrying...
2026-06-19 01:01:29,959 - __main__ - WARNING - API returned 429 Rate Limit error on batch 41/48, attempt 2/5. Sleeping for 30.0 seconds before retrying...
2026-06-19 01:02:00,041 - __main__ - WARNING - API returned 429 Rate Limit error on batch 41/48, attempt 3/5. Sleeping for 60.0 seconds before retrying...
2026-06-19 01:03:09,669 - __main__ - INFO - Successfully processed batch 41/48.
2026-06-19 01:03:11,669 - __main__ - INFO - Fetching batch 42/48 with 5 locations (lat: 53.2,53.2,53.2,53.2,53.2...)
2026-06-19 01:03:17,186 - __main__ - INFO - Successfully processed batch 42/48.
2026-06-19 01:03:19,186 - __main__ - INFO - Fetching batch 43/48 with 5 locations (lat: 53.2,53.2,53.2,53.2,53.2...)
2026-06-19 01:03:19,260 - __main__ - WARNING - API returned 429 Rate Limit error on batch 43/48, attempt 1/5. Sleeping for 15.0 seconds before retrying...
2026-06-19 01:03:34,349 - __main__ - WARNING - API returned 429 Rate Limit error on batch 43/48, attempt 2/5. Sleeping for 30.0 seconds before retrying...
2026-06-19 01:04:19,799 - __main__ - INFO - Successfully processed batch 43/48.
2026-06-19 01:04:21,799 - __main__ - INFO - Fetching batch 44/48 with 5 locations (lat: 53.3,53.3,53.3,53.3,53.3...)
2026-06-19 01:04:21,879 - __main__ - WARNING - API returned 429 Rate Limit error on batch 44/48, attempt 1/5. Sleeping for 15.0 seconds before retrying...
2026-06-19 01:04:36,960 - __main__ - WARNING - API returned 429 Rate Limit error on batch 44/48, attempt 2/5. Sleeping for 30.0 seconds before retrying...
2026-06-19 01:05:11,788 - __main__ - INFO - Successfully processed batch 44/48.
2026-06-19 01:05:13,788 - __main__ - INFO - Fetching batch 45/48 with 5 locations (lat: 53.3,53.3,53.3,53.3,53.3...)
2026-06-19 01:05:13,868 - __main__ - WARNING - API returned 429 Rate Limit error on batch 45/48, attempt 1/5. Sleeping for 15.0 seconds before retrying...
2026-06-19 01:05:28,951 - __main__ - WARNING - API returned 429 Rate Limit error on batch 45/48, attempt 2/5. Sleeping for 30.0 seconds before retrying...
2026-06-19 01:05:59,026 - __main__ - WARNING - API returned 429 Rate Limit error on batch 45/48, attempt 3/5. Sleeping for 60.0 seconds before retrying...
2026-06-19 01:07:22,964 - __main__ - INFO - Successfully processed batch 45/48.
2026-06-19 01:07:24,964 - __main__ - INFO - Fetching batch 46/48 with 5 locations (lat: 53.3,53.3,53.3,53.3,53.3...)
2026-06-19 01:07:28,833 - __main__ - INFO - Successfully processed batch 46/48.
2026-06-19 01:07:30,834 - __main__ - INFO - Fetching batch 47/48 with 5 locations (lat: 53.4,53.4,53.4,53.4,53.4...)
2026-06-19 01:07:30,901 - __main__ - WARNING - API returned 429 Rate Limit error on batch 47/48, attempt 1/5. Sleeping for 15.0 seconds before retrying...
2026-06-19 01:07:45,977 - __main__ - WARNING - API returned 429 Rate Limit error on batch 47/48, attempt 2/5. Sleeping for 30.0 seconds before retrying...
2026-06-19 01:08:16,053 - __main__ - WARNING - Hourly API request limit exceeded on batch 47/48. Sleeping for 3163.9 seconds (until 2026-06-19T02:01:00+00:00) before retrying...
=== Weather Ingestion Cron Run Start: Fri 19 Jun 02:00:01 UTC 2026 ===
2026-06-19 02:00:01,541 - src.data.boundary_fetcher - INFO - Configuration loaded successfully from conf/config.yaml
2026-06-19 02:00:01,541 - __main__ - INFO - Another ingestion process (PID 594217) is already running. Exiting.
=== Weather Ingestion Cron Run End: Fri 19 Jun 02:00:01 UTC 2026 ===
2026-06-19 02:01:10,883 - __main__ - INFO - Successfully processed batch 47/48.
2026-06-19 02:01:12,883 - __main__ - INFO - Fetching batch 48/48 with 5 locations (lat: 53.4,53.4,53.5,53.5,53.5...)
2026-06-19 02:01:12,960 - __main__ - WARNING - API returned 429 Rate Limit error on batch 48/48, attempt 1/5. Sleeping for 15.0 seconds before retrying...
2026-06-19 02:01:28,043 - __main__ - WARNING - API returned 429 Rate Limit error on batch 48/48, attempt 2/5. Sleeping for 30.0 seconds before retrying...
2026-06-19 02:01:58,123 - __main__ - WARNING - API returned 429 Rate Limit error on batch 48/48, attempt 3/5. Sleeping for 60.0 seconds before retrying...
2026-06-19 02:03:13,202 - __main__ - INFO - Successfully processed batch 48/48.
2026-06-19 02:03:15,202 - __main__ - INFO - All weather data ingestion completed successfully!
=== Weather Ingestion Cron Run End: Fri 19 Jun 02:03:15 UTC 2026 ===
=== Weather Ingestion Cron Run Start: Fri 19 Jun 03:00:01 UTC 2026 ===
2026-06-19 03:00:02,142 - src.data.boundary_fetcher - INFO - Configuration loaded successfully from conf/config.yaml
2026-06-19 03:00:02,163 - __main__ - INFO - Saved structural mapping index for 1093 clusters to data/processed/weather/mapping_index.json
2026-06-19 03:00:02,164 - __main__ - INFO - Identified 430 unique grid nodes across Brandenburg.
2026-06-19 03:00:02,164 - __main__ - INFO - Loaded existing ingestion state with 430 completed grid nodes.
2026-06-19 03:00:02,164 - __main__ - INFO - All unique weather grid cells already ingested. weather_ingestion is complete.
=== Weather Ingestion Cron Run End: Fri 19 Jun 03:00:02 UTC 2026 ===
=== Weather Ingestion Cron Run Start: Fri 19 Jun 04:00:01 UTC 2026 ===
2026-06-19 04:00:01,317 - src.data.boundary_fetcher - INFO - Configuration loaded successfully from conf/config.yaml
2026-06-19 04:00:01,339 - __main__ - INFO - Saved structural mapping index for 1093 clusters to data/processed/weather/mapping_index.json
2026-06-19 04:00:01,339 - __main__ - INFO - Identified 430 unique grid nodes across Brandenburg.
2026-06-19 04:00:01,339 - __main__ - INFO - Loaded existing ingestion state with 430 completed grid nodes.
2026-06-19 04:00:01,339 - __main__ - INFO - All unique weather grid cells already ingested. weather_ingestion is complete.
=== Weather Ingestion Cron Run End: Fri 19 Jun 04:00:01 UTC 2026 ===
=== Weather Ingestion Cron Run Start: Fri 19 Jun 05:00:01 UTC 2026 ===
2026-06-19 05:00:01,872 - src.data.boundary_fetcher - INFO - Configuration loaded successfully from conf/config.yaml
2026-06-19 05:00:01,894 - __main__ - INFO - Saved structural mapping index for 1093 clusters to data/processed/weather/mapping_index.json
2026-06-19 05:00:01,894 - __main__ - INFO - Identified 430 unique grid nodes across Brandenburg.
2026-06-19 05:00:01,895 - __main__ - INFO - Loaded existing ingestion state with 430 completed grid nodes.
2026-06-19 05:00:01,895 - __main__ - INFO - All unique weather grid cells already ingested. weather_ingestion is complete.
=== Weather Ingestion Cron Run End: Fri 19 Jun 05:00:01 UTC 2026 ===
=== Weather Ingestion Cron Run Start: Fri 19 Jun 06:00:01 UTC 2026 ===
2026-06-19 06:00:01,701 - src.data.boundary_fetcher - INFO - Configuration loaded successfully from conf/config.yaml
2026-06-19 06:00:01,727 - __main__ - INFO - Saved structural mapping index for 1093 clusters to data/processed/weather/mapping_index.json
2026-06-19 06:00:01,727 - __main__ - INFO - Identified 430 unique grid nodes across Brandenburg.
2026-06-19 06:00:01,727 - __main__ - INFO - Loaded existing ingestion state with 430 completed grid nodes.
2026-06-19 06:00:01,727 - __main__ - INFO - All unique weather grid cells already ingested. weather_ingestion is complete.
=== Weather Ingestion Cron Run End: Fri 19 Jun 06:00:01 UTC 2026 ===
=== Weather Ingestion Cron Run Start: Fri 19 Jun 07:00:01 UTC 2026 ===
2026-06-19 07:00:01,948 - src.data.boundary_fetcher - INFO - Configuration loaded successfully from conf/config.yaml
2026-06-19 07:00:01,970 - __main__ - INFO - Saved structural mapping index for 1093 clusters to data/processed/weather/mapping_index.json
2026-06-19 07:00:01,970 - __main__ - INFO - Identified 430 unique grid nodes across Brandenburg.
2026-06-19 07:00:01,970 - __main__ - INFO - Loaded existing ingestion state with 430 completed grid nodes.
2026-06-19 07:00:01,970 - __main__ - INFO - All unique weather grid cells already ingested. weather_ingestion is complete.
=== Weather Ingestion Cron Run End: Fri 19 Jun 07:00:02 UTC 2026 ===
=== Weather Ingestion Cron Run Start: Fri 19 Jun 08:00:01 UTC 2026 ===
2026-06-19 08:00:01,989 - src.data.boundary_fetcher - INFO - Configuration loaded successfully from conf/config.yaml
2026-06-19 08:00:02,011 - __main__ - INFO - Saved structural mapping index for 1093 clusters to data/processed/weather/mapping_index.json
2026-06-19 08:00:02,011 - __main__ - INFO - Identified 430 unique grid nodes across Brandenburg.
2026-06-19 08:00:02,011 - __main__ - INFO - Loaded existing ingestion state with 430 completed grid nodes.
2026-06-19 08:00:02,011 - __main__ - INFO - All unique weather grid cells already ingested. weather_ingestion is complete.
=== Weather Ingestion Cron Run End: Fri 19 Jun 08:00:02 UTC 2026 ===
=== Weather Ingestion Cron Run Start: Fri 19 Jun 09:00:01 UTC 2026 ===
2026-06-19 09:00:01,805 - src.data.boundary_fetcher - INFO - Configuration loaded successfully from conf/config.yaml
2026-06-19 09:00:01,827 - __main__ - INFO - Saved structural mapping index for 1093 clusters to data/processed/weather/mapping_index.json
2026-06-19 09:00:01,827 - __main__ - INFO - Identified 430 unique grid nodes across Brandenburg.
2026-06-19 09:00:01,827 - __main__ - INFO - Loaded existing ingestion state with 430 completed grid nodes.
2026-06-19 09:00:01,828 - __main__ - INFO - All unique weather grid cells already ingested. weather_ingestion is complete.
=== Weather Ingestion Cron Run End: Fri 19 Jun 09:00:01 UTC 2026 ===
=== Weather Ingestion Cron Run Start: Fri 19 Jun 10:00:01 UTC 2026 ===
2026-06-19 10:00:01,810 - src.data.boundary_fetcher - INFO - Configuration loaded successfully from conf/config.yaml
2026-06-19 10:00:01,832 - __main__ - INFO - Saved structural mapping index for 1093 clusters to data/processed/weather/mapping_index.json
2026-06-19 10:00:01,832 - __main__ - INFO - Identified 430 unique grid nodes across Brandenburg.
2026-06-19 10:00:01,832 - __main__ - INFO - Loaded existing ingestion state with 430 completed grid nodes.
2026-06-19 10:00:01,832 - __main__ - INFO - All unique weather grid cells already ingested. weather_ingestion is complete.
=== Weather Ingestion Cron Run End: Fri 19 Jun 10:00:01 UTC 2026 ===
=== Weather Ingestion Cron Run Start: Fri 19 Jun 11:00:01 UTC 2026 ===
2026-06-19 11:00:01,874 - src.data.boundary_fetcher - INFO - Configuration loaded successfully from conf/config.yaml
2026-06-19 11:00:01,896 - __main__ - INFO - Saved structural mapping index for 1093 clusters to data/processed/weather/mapping_index.json
2026-06-19 11:00:01,896 - __main__ - INFO - Identified 430 unique grid nodes across Brandenburg.
2026-06-19 11:00:01,896 - __main__ - INFO - Loaded existing ingestion state with 430 completed grid nodes.
2026-06-19 11:00:01,896 - __main__ - INFO - All unique weather grid cells already ingested. weather_ingestion is complete.
=== Weather Ingestion Cron Run End: Fri 19 Jun 11:00:01 UTC 2026 ===
=== Weather Ingestion Cron Run Start: Fri 19 Jun 12:00:01 UTC 2026 ===
2026-06-19 12:00:02,264 - src.data.boundary_fetcher - INFO - Configuration loaded successfully from conf/config.yaml
2026-06-19 12:00:02,286 - __main__ - INFO - Saved structural mapping index for 1093 clusters to data/processed/weather/mapping_index.json
2026-06-19 12:00:02,287 - __main__ - INFO - Identified 430 unique grid nodes across Brandenburg.
2026-06-19 12:00:02,287 - __main__ - INFO - Loaded existing ingestion state with 430 completed grid nodes.
2026-06-19 12:00:02,287 - __main__ - INFO - All unique weather grid cells already ingested. weather_ingestion is complete.
=== Weather Ingestion Cron Run End: Fri 19 Jun 12:00:02 UTC 2026 ===
=== Weather Ingestion Cron Run Start: Fri 19 Jun 13:00:01 UTC 2026 ===
2026-06-19 13:00:02,277 - src.data.boundary_fetcher - INFO - Configuration loaded successfully from conf/config.yaml
2026-06-19 13:00:02,303 - __main__ - INFO - Saved structural mapping index for 1093 clusters to data/processed/weather/mapping_index.json
2026-06-19 13:00:02,303 - __main__ - INFO - Identified 430 unique grid nodes across Brandenburg.
2026-06-19 13:00:02,304 - __main__ - INFO - Loaded existing ingestion state with 430 completed grid nodes.
2026-06-19 13:00:02,304 - __main__ - INFO - All unique weather grid cells already ingested. weather_ingestion is complete.
=== Weather Ingestion Cron Run End: Fri 19 Jun 13:00:02 UTC 2026 ===
=== Weather Ingestion Cron Run Start: Fri 19 Jun 14:00:01 UTC 2026 ===
2026-06-19 14:00:02,072 - src.data.boundary_fetcher - INFO - Configuration loaded successfully from conf/config.yaml
2026-06-19 14:00:02,095 - __main__ - INFO - Saved structural mapping index for 1093 clusters to data/processed/weather/mapping_index.json
2026-06-19 14:00:02,095 - __main__ - INFO - Identified 430 unique grid nodes across Brandenburg.
2026-06-19 14:00:02,095 - __main__ - INFO - Loaded existing ingestion state with 430 completed grid nodes.
2026-06-19 14:00:02,095 - __main__ - INFO - All unique weather grid cells already ingested. weather_ingestion is complete.
=== Weather Ingestion Cron Run End: Fri 19 Jun 14:00:02 UTC 2026 ===
=== Weather Ingestion Cron Run Start: Fri 19 Jun 15:00:01 UTC 2026 ===
2026-06-19 15:00:01,785 - src.data.boundary_fetcher - INFO - Configuration loaded successfully from conf/config.yaml
2026-06-19 15:00:01,808 - __main__ - INFO - Saved structural mapping index for 1093 clusters to data/processed/weather/mapping_index.json
2026-06-19 15:00:01,808 - __main__ - INFO - Identified 430 unique grid nodes across Brandenburg.
2026-06-19 15:00:01,808 - __main__ - INFO - Loaded existing ingestion state with 430 completed grid nodes.
2026-06-19 15:00:01,808 - __main__ - INFO - All unique weather grid cells already ingested. weather_ingestion is complete.
=== Weather Ingestion Cron Run End: Fri 19 Jun 15:00:01 UTC 2026 ===
=== Weather Ingestion Cron Run Start: Fri 19 Jun 16:00:01 UTC 2026 ===
2026-06-19 16:00:02,176 - src.data.boundary_fetcher - INFO - Configuration loaded successfully from conf/config.yaml
2026-06-19 16:00:02,198 - __main__ - INFO - Saved structural mapping index for 1093 clusters to data/processed/weather/mapping_index.json
2026-06-19 16:00:02,198 - __main__ - INFO - Identified 430 unique grid nodes across Brandenburg.
2026-06-19 16:00:02,199 - __main__ - INFO - Loaded existing ingestion state with 430 completed grid nodes.
2026-06-19 16:00:02,199 - __main__ - INFO - All unique weather grid cells already ingested. weather_ingestion is complete.
=== Weather Ingestion Cron Run End: Fri 19 Jun 16:00:02 UTC 2026 ===
=== Weather Ingestion Cron Run Start: Fri 19 Jun 17:00:01 UTC 2026 ===
2026-06-19 17:00:02,084 - src.data.boundary_fetcher - INFO - Configuration loaded successfully from conf/config.yaml
2026-06-19 17:00:02,107 - __main__ - INFO - Saved structural mapping index for 1093 clusters to data/processed/weather/mapping_index.json
2026-06-19 17:00:02,107 - __main__ - INFO - Identified 430 unique grid nodes across Brandenburg.
2026-06-19 17:00:02,107 - __main__ - INFO - Loaded existing ingestion state with 430 completed grid nodes.
2026-06-19 17:00:02,107 - __main__ - INFO - All unique weather grid cells already ingested. weather_ingestion is complete.
=== Weather Ingestion Cron Run End: Fri 19 Jun 17:00:02 UTC 2026 ===
=== Weather Ingestion Cron Run Start: Fri 19 Jun 18:00:01 UTC 2026 ===
2026-06-19 18:00:01,540 - src.data.boundary_fetcher - INFO - Configuration loaded successfully from conf/config.yaml
2026-06-19 18:00:01,562 - __main__ - INFO - Saved structural mapping index for 1093 clusters to data/processed/weather/mapping_index.json
2026-06-19 18:00:01,562 - __main__ - INFO - Identified 430 unique grid nodes across Brandenburg.
2026-06-19 18:00:01,562 - __main__ - INFO - Loaded existing ingestion state with 430 completed grid nodes.
2026-06-19 18:00:01,562 - __main__ - INFO - All unique weather grid cells already ingested. weather_ingestion is complete.
=== Weather Ingestion Cron Run End: Fri 19 Jun 18:00:01 UTC 2026 ===
=== Weather Ingestion Cron Run Start: Fri 19 Jun 19:00:01 UTC 2026 ===
2026-06-19 19:00:01,318 - src.data.boundary_fetcher - INFO - Configuration loaded successfully from conf/config.yaml
OSError: [Errno 28] No space left on device

During handling of the above exception, another exception occurred:

Traceback (most recent call last):
  File "<frozen runpy>", line 198, in _run_module_as_main
  File "<frozen runpy>", line 88, in _run_code
  File "/home/ced/bachelor/final/src/data/weather_ingestion.py", line 447, in <module>
    run_weather_ingestion()
  File "/home/ced/bachelor/final/src/data/weather_ingestion.py", line 168, in run_weather_ingestion
    with open(lock_path, "w", encoding="utf-8") as lf:
OSError: [Errno 28] No space left on device
=== Weather Ingestion Cron Run End: Fri 19 Jun 19:00:01 UTC 2026 ===
=== Weather Ingestion Cron Run Start: Fri 19 Jun 20:00:01 UTC 2026 ===
2026-06-19 20:00:01,809 - src.data.boundary_fetcher - INFO - Configuration loaded successfully from conf/config.yaml
2026-06-19 20:00:01,809 - __main__ - INFO - Removing stale lock file.
OSError: [Errno 28] No space left on device

During handling of the above exception, another exception occurred:

Traceback (most recent call last):
  File "<frozen runpy>", line 198, in _run_module_as_main
  File "<frozen runpy>", line 88, in _run_code
  File "/home/ced/bachelor/final/src/data/weather_ingestion.py", line 447, in <module>
    run_weather_ingestion()
  File "/home/ced/bachelor/final/src/data/weather_ingestion.py", line 168, in run_weather_ingestion
    with open(lock_path, "w", encoding="utf-8") as lf:
OSError: [Errno 28] No space left on device
=== Weather Ingestion Cron Run End: Fri 19 Jun 20:00:01 UTC 2026 ===
=== Weather Ingestion Cron Run Start: Fri 19 Jun 21:00:01 UTC 2026 ===
2026-06-19 21:00:01,295 - src.data.boundary_fetcher - INFO - Configuration loaded successfully from conf/config.yaml
2026-06-19 21:00:01,295 - __main__ - INFO - Removing stale lock file.
OSError: [Errno 28] No spa=== Weather Ingestion Cron Run Start: Mon 22 Jun 10:00:01 UTC 2026 ===
2026-06-22 10:00:01,862 - src.data.boundary_fetcher - INFO - Configuration loaded successfully from conf/config.yaml
2026-06-22 10:00:01,862 - __main__ - INFO - Removing stale lock file.
2026-06-22 10:00:01,884 - __main__ - INFO - Saved structural mapping index for 1093 clusters to data/processed/weather/mapping_index.json
2026-06-22 10:00:01,884 - __main__ - INFO - Identified 430 unique grid nodes across Brandenburg.
2026-06-22 10:00:01,884 - __main__ - INFO - Loaded existing ingestion state with 430 completed grid nodes.
2026-06-22 10:00:01,885 - __main__ - INFO - All unique weather grid cells already ingested. weather_ingestion is complete.
=== Weather Ingestion Cron Run End: Mon 22 Jun 10:00:01 UTC 2026 ===
=== Weather Ingestion Cron Run Start: Mon 22 Jun 11:00:01 UTC 2026 ===
2026-06-22 11:00:01,488 - src.data.boundary_fetcher - INFO - Configuration loaded successfully from conf/config.yaml
2026-06-22 11:00:01,511 - __main__ - INFO - Saved structural mapping index for 1093 clusters to data/processed/weather/mapping_index.json
2026-06-22 11:00:01,511 - __main__ - INFO - Identified 430 unique grid nodes across Brandenburg.
2026-06-22 11:00:01,511 - __main__ - INFO - Loaded existing ingestion state with 430 completed grid nodes.
2026-06-22 11:00:01,511 - __main__ - INFO - All unique weather grid cells already ingested. weather_ingestion is complete.
=== Weather Ingestion Cron Run End: Mon 22 Jun 11:00:01 UTC 2026 ===
=== Weather Ingestion Cron Run Start: Mon 22 Jun 12:00:01 UTC 2026 ===
2026-06-22 12:00:01,606 - src.data.boundary_fetcher - INFO - Configuration loaded successfully from conf/config.yaml
2026-06-22 12:00:01,629 - __main__ - INFO - Saved structural mapping index for 1093 clusters to data/processed/weather/mapping_index.json
2026-06-22 12:00:01,629 - __main__ - INFO - Identified 430 unique grid nodes across Brandenburg.
2026-06-22 12:00:01,629 - __main__ - INFO - Loaded existing ingestion state with 430 completed grid nodes.
2026-06-22 12:00:01,629 - __main__ - INFO - All unique weather grid cells already ingested. weather_ingestion is complete.
=== Weather Ingestion Cron Run End: Mon 22 Jun 12:00:01 UTC 2026 ===
=== Weather Ingestion Cron Run Start: Mon 22 Jun 13:00:01 UTC 2026 ===
2026-06-22 13:00:01,916 - src.data.boundary_fetcher - INFO - Configuration loaded successfully from conf/config.yaml
2026-06-22 13:00:01,938 - __main__ - INFO - Saved structural mapping index for 1093 clusters to data/processed/weather/mapping_index.json
2026-06-22 13:00:01,938 - __main__ - INFO - Identified 430 unique grid nodes across Brandenburg.
2026-06-22 13:00:01,938 - __main__ - INFO - Loaded existing ingestion state with 430 completed grid nodes.
2026-06-22 13:00:01,938 - __main__ - INFO - All unique weather grid cells already ingested. weather_ingestion is complete.
=== Weather Ingestion Cron Run End: Mon 22 Jun 13:00:02 UTC 2026 ===
=== Weather Ingestion Cron Run Start: Mon 22 Jun 14:00:01 UTC 2026 ===
2026-06-22 14:00:01,357 - src.data.boundary_fetcher - INFO - Configuration loaded successfully from conf/config.yaml
2026-06-22 14:00:01,379 - __main__ - INFO - Saved structural mapping index for 1093 clusters to data/processed/weather/mapping_index.json
2026-06-22 14:00:01,379 - __main__ - INFO - Identified 430 unique grid nodes across Brandenburg.
2026-06-22 14:00:01,379 - __main__ - INFO - Loaded existing ingestion state with 430 completed grid nodes.
2026-06-22 14:00:01,379 - __main__ - INFO - All unique weather grid cells already ingested. weather_ingestion is complete.
=== Weather Ingestion Cron Run End: Mon 22 Jun 14:00:01 UTC 2026 ===
=== Weather Ingestion Cron Run Start: Mon 22 Jun 15:00:01 UTC 2026 ===
2026-06-22 15:00:01,313 - src.data.boundary_fetcher - INFO - Configuration loaded successfully from conf/config.yaml
2026-06-22 15:00:01,335 - __main__ - INFO - Saved structural mapping index for 1093 clusters to data/processed/weather/mapping_index.json
2026-06-22 15:00:01,335 - __main__ - INFO - Identified 430 unique grid nodes across Brandenburg.
2026-06-22 15:00:01,335 - __main__ - INFO - Loaded existing ingestion state with 430 completed grid nodes.
2026-06-22 15:00:01,335 - __main__ - INFO - All unique weather grid cells already ingested. weather_ingestion is complete.
=== Weather Ingestion Cron Run End: Mon 22 Jun 15:00:01 UTC 2026 ===
=== Weather Ingestion Cron Run Start: Mon 22 Jun 16:00:01 UTC 2026 ===
2026-06-22 16:00:01,517 - src.data.boundary_fetcher - INFO - Configuration loaded successfully from conf/config.yaml
2026-06-22 16:00:01,539 - __main__ - INFO - Saved structural mapping index for 1093 clusters to data/processed/weather/mapping_index.json
2026-06-22 16:00:01,539 - __main__ - INFO - Identified 430 unique grid nodes across Brandenburg.
2026-06-22 16:00:01,539 - __main__ - INFO - Loaded existing ingestion state with 430 completed grid nodes.
2026-06-22 16:00:01,539 - __main__ - INFO - All unique weather grid cells already ingested. weather_ingestion is complete.
=== Weather Ingestion Cron Run End: Mon 22 Jun 16:00:01 UTC 2026 ===
=== Weather Ingestion Cron Run Start: Mon 22 Jun 17:00:01 UTC 2026 ===
2026-06-22 17:00:01,507 - src.data.boundary_fetcher - INFO - Configuration loaded successfully from conf/config.yaml
2026-06-22 17:00:01,531 - __main__ - INFO - Saved structural mapping index for 1093 clusters to data/processed/weather/mapping_index.json
2026-06-22 17:00:01,531 - __main__ - INFO - Identified 430 unique grid nodes across Brandenburg.
2026-06-22 17:00:01,531 - __main__ - INFO - Loaded existing ingestion state with 430 completed grid nodes.
2026-06-22 17:00:01,531 - __main__ - INFO - All unique weather grid cells already ingested. weather_ingestion is complete.
=== Weather Ingestion Cron Run End: Mon 22 Jun 17:00:01 UTC 2026 ===
=== Weather Ingestion Cron Run Start: Mon 22 Jun 18:00:01 UTC 2026 ===
2026-06-22 18:00:01,970 - src.data.boundary_fetcher - INFO - Configuration loaded successfully from conf/config.yaml
2026-06-22 18:00:01,993 - __main__ - INFO - Saved structural mapping index for 1093 clusters to data/processed/weather/mapping_index.json
2026-06-22 18:00:01,993 - __main__ - INFO - Identified 430 unique grid nodes across Brandenburg.
2026-06-22 18:00:01,993 - __main__ - INFO - Loaded existing ingestion state with 430 completed grid nodes.
2026-06-22 18:00:01,993 - __main__ - INFO - All unique weather grid cells already ingested. weather_ingestion is complete.
=== Weather Ingestion Cron Run End: Mon 22 Jun 18:00:02 UTC 2026 ===
=== Weather Ingestion Cron Run Start: Mon 22 Jun 19:00:01 UTC 2026 ===
2026-06-22 19:00:01,946 - src.data.boundary_fetcher - INFO - Configuration loaded successfully from conf/config.yaml
2026-06-22 19:00:01,973 - __main__ - INFO - Saved structural mapping index for 1093 clusters to data/processed/weather/mapping_index.json
2026-06-22 19:00:01,973 - __main__ - INFO - Identified 430 unique grid nodes across Brandenburg.
2026-06-22 19:00:01,973 - __main__ - INFO - Loaded existing ingestion state with 430 completed grid nodes.
2026-06-22 19:00:01,974 - __main__ - INFO - All unique weather grid cells already ingested. weather_ingestion is complete.
=== Weather Ingestion Cron Run End: Mon 22 Jun 19:00:02 UTC 2026 ===
=== Weather Ingestion Cron Run Start: Mon 22 Jun 20:00:01 UTC 2026 ===
2026-06-22 20:00:01,511 - src.data.boundary_fetcher - INFO - Configuration loaded successfully from conf/config.yaml
2026-06-22 20:00:01,535 - __main__ - INFO - Saved structural mapping index for 1093 clusters to data/processed/weather/mapping_index.json
2026-06-22 20:00:01,535 - __main__ - INFO - Identified 430 unique grid nodes across Brandenburg.
2026-06-22 20:00:01,535 - __main__ - INFO - Loaded existing ingestion state with 430 completed grid nodes.
2026-06-22 20:00:01,535 - __main__ - INFO - All unique weather grid cells already ingested. weather_ingestion is complete.
=== Weather Ingestion Cron Run End: Mon 22 Jun 20:00:01 UTC 2026 ===
=== Weather Ingestion Cron Run Start: Mon 22 Jun 21:00:01 UTC 2026 ===
2026-06-22 21:00:01,486 - src.data.boundary_fetcher - INFO - Configuration loaded successfully from conf/config.yaml
2026-06-22 21:00:01,509 - __main__ - INFO - Saved structural mapping index for 1093 clusters to data/processed/weather/mapping_index.json
2026-06-22 21:00:01,509 - __main__ - INFO - Identified 430 unique grid nodes across Brandenburg.
2026-06-22 21:00:01,510 - __main__ - INFO - Loaded existing ingestion state with 430 completed grid nodes.
2026-06-22 21:00:01,510 - __main__ - INFO - All unique weather grid cells already ingested. weather_ingestion is complete.
=== Weather Ingestion Cron Run End: Mon 22 Jun 21:00:01 UTC 2026 ===
=== Weather Ingestion Cron Run Start: Mon 22 Jun 22:00:01 UTC 2026 ===
2026-06-22 22:00:02,264 - src.data.boundary_fetcher - INFO - Configuration loaded successfully from conf/config.yaml
2026-06-22 22:00:02,286 - __main__ - INFO - Saved structural mapping index for 1093 clusters to data/processed/weather/mapping_index.json
2026-06-22 22:00:02,287 - __main__ - INFO - Identified 430 unique grid nodes across Brandenburg.
2026-06-22 22:00:02,287 - __main__ - INFO - Loaded existing ingestion state with 430 completed grid nodes.
2026-06-22 22:00:02,287 - __main__ - INFO - All unique weather grid cells already ingested. weather_ingestion is complete.
=== Weather Ingestion Cron Run End: Mon 22 Jun 22:00:02 UTC 2026 ===
=== Weather Ingestion Cron Run Start: Mon 22 Jun 23:00:01 UTC 2026 ===
2026-06-22 23:00:01,760 - src.data.boundary_fetcher - INFO - Configuration loaded successfully from conf/config.yaml
2026-06-22 23:00:01,783 - __main__ - INFO - Saved structural mapping index for 1093 clusters to data/processed/weather/mapping_index.json
2026-06-22 23:00:01,783 - __main__ - INFO - Identified 430 unique grid nodes across Brandenburg.
2026-06-22 23:00:01,783 - __main__ - INFO - Loaded existing ingestion state with 430 completed grid nodes.
2026-06-22 23:00:01,783 - __main__ - INFO - All unique weather grid cells already ingested. weather_ingestion is complete.
=== Weather Ingestion Cron Run End: Mon 22 Jun 23:00:01 UTC 2026 ===
=== Weather Ingestion Cron Run Start: Tue 23 Jun 00:00:01 UTC 2026 ===
2026-06-23 00:00:01,929 - src.data.boundary_fetcher - INFO - Configuration loaded successfully from conf/config.yaml
2026-06-23 00:00:01,954 - __main__ - INFO - Saved structural mapping index for 1093 clusters to data/processed/weather/mapping_index.json
2026-06-23 00:00:01,954 - __main__ - INFO - Identified 430 unique grid nodes across Brandenburg.
2026-06-23 00:00:01,954 - __main__ - INFO - Loaded existing ingestion state with 430 completed grid nodes.
2026-06-23 00:00:01,955 - __main__ - INFO - All unique weather grid cells already ingested. weather_ingestion is complete.
=== Weather Ingestion Cron Run End: Tue 23 Jun 00:00:02 UTC 2026 ===
=== Weather Ingestion Cron Run Start: Tue 23 Jun 01:00:01 UTC 2026 ===
2026-06-23 01:00:02,103 - src.data.boundary_fetcher - INFO - Configuration loaded successfully from conf/config.yaml
2026-06-23 01:00:02,125 - __main__ - INFO - Saved structural mapping index for 1093 clusters to data/processed/weather/mapping_index.json
2026-06-23 01:00:02,125 - __main__ - INFO - Identified 430 unique grid nodes across Brandenburg.
2026-06-23 01:00:02,125 - __main__ - INFO - Loaded existing ingestion state with 430 completed grid nodes.
2026-06-23 01:00:02,125 - __main__ - INFO - All unique weather grid cells already ingested. weather_ingestion is complete.
=== Weather Ingestion Cron Run End: Tue 23 Jun 01:00:02 UTC 2026 ===
=== Weather Ingestion Cron Run Start: Tue 23 Jun 02:00:01 UTC 2026 ===
2026-06-23 02:00:01,380 - src.data.boundary_fetcher - INFO - Configuration loaded successfully from conf/config.yaml
2026-06-23 02:00:01,402 - __main__ - INFO - Saved structural mapping index for 1093 clusters to data/processed/weather/mapping_index.json
2026-06-23 02:00:01,402 - __main__ - INFO - Identified 430 unique grid nodes across Brandenburg.
2026-06-23 02:00:01,402 - __main__ - INFO - Loaded existing ingestion state with 430 completed grid nodes.
2026-06-23 02:00:01,403 - __main__ - INFO - All unique weather grid cells already ingested. weather_ingestion is complete.
=== Weather Ingestion Cron Run End: Tue 23 Jun 02:00:01 UTC 2026 ===
=== Weather Ingestion Cron Run Start: Tue 23 Jun 03:00:01 UTC 2026 ===
2026-06-23 03:00:01,614 - src.data.boundary_fetcher - INFO - Configuration loaded successfully from conf/config.yaml
2026-06-23 03:00:01,637 - __main__ - INFO - Saved structural mapping index for 1093 clusters to data/processed/weather/mapping_index.json
2026-06-23 03:00:01,637 - __main__ - INFO - Identified 430 unique grid nodes across Brandenburg.
2026-06-23 03:00:01,637 - __main__ - INFO - Loaded existing ingestion state with 430 completed grid nodes.
2026-06-23 03:00:01,637 - __main__ - INFO - All unique weather grid cells already ingested. weather_ingestion is complete.
=== Weather Ingestion Cron Run End: Tue 23 Jun 03:00:01 UTC 2026 ===
=== Weather Ingestion Cron Run Start: Tue 23 Jun 04:00:01 UTC 2026 ===
2026-06-23 04:00:01,868 - src.data.boundary_fetcher - INFO - Configuration loaded successfully from conf/config.yaml
2026-06-23 04:00:01,892 - __main__ - INFO - Saved structural mapping index for 1093 clusters to data/processed/weather/mapping_index.json
2026-06-23 04:00:01,892 - __main__ - INFO - Identified 430 unique grid nodes across Brandenburg.
2026-06-23 04:00:01,892 - __main__ - INFO - Loaded existing ingestion state with 430 completed grid nodes.
2026-06-23 04:00:01,893 - __main__ - INFO - All unique weather grid cells already ingested. weather_ingestion is complete.
=== Weather Ingestion Cron Run End: Tue 23 Jun 04:00:01 UTC 2026 ===
=== Weather Ingestion Cron Run Start: Tue 23 Jun 05:00:01 UTC 2026 ===
2026-06-23 05:00:01,664 - src.data.boundary_fetcher - INFO - Configuration loaded successfully from conf/config.yaml
2026-06-23 05:00:01,687 - __main__ - INFO - Saved structural mapping index for 1093 clusters to data/processed/weather/mapping_index.json
2026-06-23 05:00:01,687 - __main__ - INFO - Identified 430 unique grid nodes across Brandenburg.
2026-06-23 05:00:01,687 - __main__ - INFO - Loaded existing ingestion state with 430 completed grid nodes.
2026-06-23 05:00:01,687 - __main__ - INFO - All unique weather grid cells already ingested. weather_ingestion is complete.
=== Weather Ingestion Cron Run End: Tue 23 Jun 05:00:01 UTC 2026 ===
=== Weather Ingestion Cron Run Start: Tue 23 Jun 06:00:01 UTC 2026 ===
2026-06-23 06:00:01,781 - src.data.boundary_fetcher - INFO - Configuration loaded successfully from conf/config.yaml
2026-06-23 06:00:01,803 - __main__ - INFO - Saved structural mapping index for 1093 clusters to data/processed/weather/mapping_index.json
2026-06-23 06:00:01,803 - __main__ - INFO - Identified 430 unique grid nodes across Brandenburg.
2026-06-23 06:00:01,803 - __main__ - INFO - Loaded existing ingestion state with 430 completed grid nodes.
2026-06-23 06:00:01,804 - __main__ - INFO - All unique weather grid cells already ingested. weather_ingestion is complete.
=== Weather Ingestion Cron Run End: Tue 23 Jun 06:00:01 UTC 2026 ===
=== Weather Ingestion Cron Run Start: Tue 23 Jun 07:00:01 UTC 2026 ===
2026-06-23 07:00:01,805 - src.data.boundary_fetcher - INFO - Configuration loaded successfully from conf/config.yaml
2026-06-23 07:00:01,828 - __main__ - INFO - Saved structural mapping index for 1093 clusters to data/processed/weather/mapping_index.json
2026-06-23 07:00:01,828 - __main__ - INFO - Identified 430 unique grid nodes across Brandenburg.
2026-06-23 07:00:01,828 - __main__ - INFO - Loaded existing ingestion state with 430 completed grid nodes.
2026-06-23 07:00:01,829 - __main__ - INFO - All unique weather grid cells already ingested. weather_ingestion is complete.
=== Weather Ingestion Cron Run End: Tue 23 Jun 07:00:01 UTC 2026 ===
=== Weather Ingestion Cron Run Start: Tue 23 Jun 08:00:01 UTC 2026 ===
2026-06-23 08:00:02,262 - src.data.boundary_fetcher - INFO - Configuration loaded successfully from conf/config.yaml
2026-06-23 08:00:02,285 - __main__ - INFO - Saved structural mapping index for 1093 clusters to data/processed/weather/mapping_index.json
2026-06-23 08:00:02,285 - __main__ - INFO - Identified 430 unique grid nodes across Brandenburg.
2026-06-23 08:00:02,285 - __main__ - INFO - Loaded existing ingestion state with 430 completed grid nodes.
2026-06-23 08:00:02,286 - __main__ - INFO - All unique weather grid cells already ingested. weather_ingestion is complete.
=== Weather Ingestion Cron Run End: Tue 23 Jun 08:00:02 UTC 2026 ===
=== Weather Ingestion Cron Run Start: Tue 23 Jun 09:00:01 UTC 2026 ===
2026-06-23 09:00:01,375 - src.data.boundary_fetcher - INFO - Configuration loaded successfully from conf/config.yaml
2026-06-23 09:00:01,399 - __main__ - INFO - Saved structural mapping index for 1093 clusters to data/processed/weather/mapping_index.json
2026-06-23 09:00:01,399 - __main__ - INFO - Identified 430 unique grid nodes across Brandenburg.
2026-06-23 09:00:01,399 - __main__ - INFO - Loaded existing ingestion state with 430 completed grid nodes.
2026-06-23 09:00:01,399 - __main__ - INFO - All unique weather grid cells already ingested. weather_ingestion is complete.
=== Weather Ingestion Cron Run End: Tue 23 Jun 09:00:01 UTC 2026 ===
=== Weather Ingestion Cron Run Start: Tue 23 Jun 10:00:01 UTC 2026 ===
2026-06-23 10:00:01,590 - src.data.boundary_fetcher - INFO - Configuration loaded successfully from conf/config.yaml
2026-06-23 10:00:01,614 - __main__ - INFO - Saved structural mapping index for 1093 clusters to data/processed/weather/mapping_index.json
2026-06-23 10:00:01,614 - __main__ - INFO - Identified 430 unique grid nodes across Brandenburg.
2026-06-23 10:00:01,614 - __main__ - INFO - Loaded existing ingestion state with 430 completed grid nodes.
2026-06-23 10:00:01,614 - __main__ - INFO - All unique weather grid cells already ingested. weather_ingestion is complete.
=== Weather Ingestion Cron Run End: Tue 23 Jun 10:00:01 UTC 2026 ===
=== Weather Ingestion Cron Run Start: Tue 23 Jun 11:00:01 UTC 2026 ===
2026-06-23 11:00:01,606 - src.data.boundary_fetcher - INFO - Configuration loaded successfully from conf/config.yaml
2026-06-23 11:00:01,628 - __main__ - INFO - Saved structural mapping index for 1093 clusters to data/processed/weather/mapping_index.json
2026-06-23 11:00:01,629 - __main__ - INFO - Identified 430 unique grid nodes across Brandenburg.
2026-06-23 11:00:01,629 - __main__ - INFO - Loaded existing ingestion state with 430 completed grid nodes.
2026-06-23 11:00:01,629 - __main__ - INFO - All unique weather grid cells already ingested. weather_ingestion is complete.
=== Weather Ingestion Cron Run End: Tue 23 Jun 11:00:01 UTC 2026 ===
=== Weather Ingestion Cron Run Start: Tue 23 Jun 12:00:01 UTC 2026 ===
2026-06-23 12:00:01,437 - src.data.boundary_fetcher - INFO - Configuration loaded successfully from conf/config.yaml
2026-06-23 12:00:01,460 - __main__ - INFO - Saved structural mapping index for 1093 clusters to data/processed/weather/mapping_index.json
2026-06-23 12:00:01,460 - __main__ - INFO - Identified 430 unique grid nodes across Brandenburg.
2026-06-23 12:00:01,460 - __main__ - INFO - Loaded existing ingestion state with 430 completed grid nodes.
2026-06-23 12:00:01,460 - __main__ - INFO - All unique weather grid cells already ingested. weather_ingestion is complete.
=== Weather Ingestion Cron Run End: Tue 23 Jun 12:00:01 UTC 2026 ===
=== Weather Ingestion Cron Run Start: Tue 23 Jun 13:00:01 UTC 2026 ===
2026-06-23 13:00:01,565 - src.data.boundary_fetcher - INFO - Configuration loaded successfully from conf/config.yaml
2026-06-23 13:00:01,587 - __main__ - INFO - Saved structural mapping index for 1093 clusters to data/processed/weather/mapping_index.json
2026-06-23 13:00:01,587 - __main__ - INFO - Identified 430 unique grid nodes across Brandenburg.
2026-06-23 13:00:01,587 - __main__ - INFO - Loaded existing ingestion state with 430 completed grid nodes.
2026-06-23 13:00:01,588 - __main__ - INFO - All unique weather grid cells already ingested. weather_ingestion is complete.
=== Weather Ingestion Cron Run End: Tue 23 Jun 13:00:01 UTC 2026 ===
=== Weather Ingestion Cron Run Start: Tue 23 Jun 14:00:01 UTC 2026 ===
2026-06-23 14:00:01,520 - src.data.boundary_fetcher - INFO - Configuration loaded successfully from conf/config.yaml
2026-06-23 14:00:01,542 - __main__ - INFO - Saved structural mapping index for 1093 clusters to data/processed/weather/mapping_index.json
2026-06-23 14:00:01,542 - __main__ - INFO - Identified 430 unique grid nodes across Brandenburg.
2026-06-23 14:00:01,542 - __main__ - INFO - Loaded existing ingestion state with 430 completed grid nodes.
2026-06-23 14:00:01,543 - __main__ - INFO - All unique weather grid cells already ingested. weather_ingestion is complete.
=== Weather Ingestion Cron Run End: Tue 23 Jun 14:00:01 UTC 2026 ===
=== Weather Ingestion Cron Run Start: Tue 23 Jun 15:00:01 UTC 2026 ===
2026-06-23 15:00:02,125 - src.data.boundary_fetcher - INFO - Configuration loaded successfully from conf/config.yaml
2026-06-23 15:00:02,149 - __main__ - INFO - Saved structural mapping index for 1093 clusters to data/processed/weather/mapping_index.json
2026-06-23 15:00:02,149 - __main__ - INFO - Identified 430 unique grid nodes across Brandenburg.
2026-06-23 15:00:02,149 - __main__ - INFO - Loaded existing ingestion state with 430 completed grid nodes.
2026-06-23 15:00:02,149 - __main__ - INFO - All unique weather grid cells already ingested. weather_ingestion is complete.
=== Weather Ingestion Cron Run End: Tue 23 Jun 15:00:02 UTC 2026 ===
